2025-05-03T19:27:43.256Z error: Error fetching scraper status for ID undefined: invalid input syntax for type uuid: "undefined"
2025-05-03T19:29:30.814Z error: Error fetching scraper status for ID undefined: invalid input syntax for type uuid: "undefined"
2025-05-03T19:30:26.727Z error: Error fetching scraper status for ID undefined: invalid input syntax for type uuid: "undefined"
2025-05-03T19:31:47.166Z error: Error fetching scraper status for ID undefined: invalid input syntax for type uuid: "undefined"
2025-05-03T20:37:00.741Z error: Error executing scraper cca694af-d990-46bd-9b8f-0358a6cbc96d: Could not find Chrome (ver. 121.0.6167.85). This can occur if either
 1. you did not perform an installation before running the script (e.g. `npx puppeteer browsers install chrome`) or
 2. your cache path is incorrectly configured (which is: /Users/salomonks/.cache/puppeteer).
For (2), check out our guide on configuring puppeteer at https://pptr.dev/guides/configuration.
2025-05-03T20:37:00.912Z error: Error running scraper cca694af-d990-46bd-9b8f-0358a6cbc96d: Could not find Chrome (ver. 121.0.6167.85). This can occur if either
 1. you did not perform an installation before running the script (e.g. `npx puppeteer browsers install chrome`) or
 2. your cache path is incorrectly configured (which is: /Users/salomonks/.cache/puppeteer).
For (2), check out our guide on configuring puppeteer at https://pptr.dev/guides/configuration.
2025-05-03T20:37:09.924Z error: Error executing scraper cca694af-d990-46bd-9b8f-0358a6cbc96d: Could not find Chrome (ver. 121.0.6167.85). This can occur if either
 1. you did not perform an installation before running the script (e.g. `npx puppeteer browsers install chrome`) or
 2. your cache path is incorrectly configured (which is: /Users/salomonks/.cache/puppeteer).
For (2), check out our guide on configuring puppeteer at https://pptr.dev/guides/configuration.
2025-05-03T20:37:10.064Z error: Error running scraper cca694af-d990-46bd-9b8f-0358a6cbc96d: Could not find Chrome (ver. 121.0.6167.85). This can occur if either
 1. you did not perform an installation before running the script (e.g. `npx puppeteer browsers install chrome`) or
 2. your cache path is incorrectly configured (which is: /Users/salomonks/.cache/puppeteer).
For (2), check out our guide on configuring puppeteer at https://pptr.dev/guides/configuration.
2025-05-03T20:37:10.977Z error: Error executing scraper cca694af-d990-46bd-9b8f-0358a6cbc96d: Could not find Chrome (ver. 121.0.6167.85). This can occur if either
 1. you did not perform an installation before running the script (e.g. `npx puppeteer browsers install chrome`) or
 2. your cache path is incorrectly configured (which is: /Users/salomonks/.cache/puppeteer).
For (2), check out our guide on configuring puppeteer at https://pptr.dev/guides/configuration.
2025-05-03T20:37:11.078Z error: Error running scraper cca694af-d990-46bd-9b8f-0358a6cbc96d: Could not find Chrome (ver. 121.0.6167.85). This can occur if either
 1. you did not perform an installation before running the script (e.g. `npx puppeteer browsers install chrome`) or
 2. your cache path is incorrectly configured (which is: /Users/salomonks/.cache/puppeteer).
For (2), check out our guide on configuring puppeteer at https://pptr.dev/guides/configuration.
2025-05-03T20:37:55.776Z error: Error executing scraper cca694af-d990-46bd-9b8f-0358a6cbc96d: Could not find Chrome (ver. 121.0.6167.85). This can occur if either
 1. you did not perform an installation before running the script (e.g. `npx puppeteer browsers install chrome`) or
 2. your cache path is incorrectly configured (which is: /Users/salomonks/.cache/puppeteer).
For (2), check out our guide on configuring puppeteer at https://pptr.dev/guides/configuration.
2025-05-03T20:37:55.928Z error: Error running scraper cca694af-d990-46bd-9b8f-0358a6cbc96d: Could not find Chrome (ver. 121.0.6167.85). This can occur if either
 1. you did not perform an installation before running the script (e.g. `npx puppeteer browsers install chrome`) or
 2. your cache path is incorrectly configured (which is: /Users/salomonks/.cache/puppeteer).
For (2), check out our guide on configuring puppeteer at https://pptr.dev/guides/configuration.
2025-05-03T20:40:34.198Z error: Error executing scraper 9f6154b6-f47d-4d7b-8af0-a0ab3e0d9cdb: Could not find Chrome (ver. 121.0.6167.85). This can occur if either
 1. you did not perform an installation before running the script (e.g. `npx puppeteer browsers install chrome`) or
 2. your cache path is incorrectly configured (which is: /Users/salomonks/.cache/puppeteer).
For (2), check out our guide on configuring puppeteer at https://pptr.dev/guides/configuration.
2025-05-03T20:40:34.292Z error: Error running scraper 9f6154b6-f47d-4d7b-8af0-a0ab3e0d9cdb: Could not find Chrome (ver. 121.0.6167.85). This can occur if either
 1. you did not perform an installation before running the script (e.g. `npx puppeteer browsers install chrome`) or
 2. your cache path is incorrectly configured (which is: /Users/salomonks/.cache/puppeteer).
For (2), check out our guide on configuring puppeteer at https://pptr.dev/guides/configuration.
2025-05-03T21:09:21.715Z error: Error creating scraper: Could not find the 'frequency' column of 'scrapers' in the schema cache
2025-05-03T21:11:48.924Z error: Error creating scraper: Could not find the 'frequency' column of 'scrapers' in the schema cache
2025-05-03T21:16:38.707Z error: Error creating scraper: Could not find the 'frequency' column of 'scrapers' in the schema cache
2025-05-03T21:31:40.154Z error: Error executing scraper ae497eae-a976-4a6f-8f8f-67a57dcc4281: socket hang up
2025-05-03T21:31:40.317Z error: Error running scraper ae497eae-a976-4a6f-8f8f-67a57dcc4281: socket hang up
2025-05-03T21:39:37.295Z error: Error executing scraper 9f6154b6-f47d-4d7b-8af0-a0ab3e0d9cdb: socket hang up
2025-05-03T21:39:37.480Z error: Error running scraper 9f6154b6-f47d-4d7b-8af0-a0ab3e0d9cdb: socket hang up
2025-05-03T21:41:29.097Z error: Error executing scraper 9f6154b6-f47d-4d7b-8af0-a0ab3e0d9cdb: socket hang up
2025-05-03T21:41:29.216Z error: Error running scraper 9f6154b6-f47d-4d7b-8af0-a0ab3e0d9cdb: socket hang up
2025-05-03T21:42:33.661Z error: Error executing scraper ae497eae-a976-4a6f-8f8f-67a57dcc4281: socket hang up
2025-05-03T21:42:33.765Z error: Error running scraper ae497eae-a976-4a6f-8f8f-67a57dcc4281: socket hang up
2025-05-03T21:43:10.276Z error: Error executing scraper ae497eae-a976-4a6f-8f8f-67a57dcc4281: socket hang up
2025-05-03T21:43:10.374Z error: Error running scraper ae497eae-a976-4a6f-8f8f-67a57dcc4281: socket hang up
2025-05-03T21:44:00.889Z error: Error executing scraper ae497eae-a976-4a6f-8f8f-67a57dcc4281: socket hang up
2025-05-03T21:44:00.984Z error: Error running scraper ae497eae-a976-4a6f-8f8f-67a57dcc4281: socket hang up
2025-05-03T21:47:23.017Z error: Error executing scraper 7003f1a8-864e-42d6-b653-8435d7f0eac5: socket hang up
2025-05-03T21:47:23.106Z error: Error running scraper 7003f1a8-864e-42d6-b653-8435d7f0eac5: socket hang up
2025-05-03T22:05:57.070Z error: Error executing scraper 9f6154b6-f47d-4d7b-8af0-a0ab3e0d9cdb: socket hang up
2025-05-03T22:05:57.195Z error: Error running scraper 9f6154b6-f47d-4d7b-8af0-a0ab3e0d9cdb: socket hang up
2025-05-03T22:13:37.525Z error: Error executing scraper 200375a4-eec5-4254-97f6-03914bbef13e: socket hang up
2025-05-03T22:13:37.641Z error: Error running scraper 200375a4-eec5-4254-97f6-03914bbef13e: socket hang up
2025-05-03T22:14:19.347Z error: Error executing scraper 200375a4-eec5-4254-97f6-03914bbef13e: socket hang up
2025-05-03T22:14:19.482Z error: Error running scraper 200375a4-eec5-4254-97f6-03914bbef13e: socket hang up
2025-05-04T15:11:05.215Z error: Error executing scraper 200375a4-eec5-4254-97f6-03914bbef13e: socket hang up
2025-05-04T15:11:05.321Z error: Error running scraper 200375a4-eec5-4254-97f6-03914bbef13e: socket hang up
2025-05-04T15:29:38.919Z error: Error executing scraper d99a07c2-ae2e-49d6-83cb-84bf67dc8789: socket hang up
2025-05-04T15:29:39.034Z error: Error running scraper d99a07c2-ae2e-49d6-83cb-84bf67dc8789: socket hang up
2025-05-04T15:37:28.150Z error: Error executing scraper 0cefeb49-8621-48f9-bb8b-78e1b79682ff: socket hang up
2025-05-04T15:37:28.365Z error: Error running scraper 0cefeb49-8621-48f9-bb8b-78e1b79682ff: socket hang up
2025-05-04T15:45:11.103Z error: Error executing scraper 0cefeb49-8621-48f9-bb8b-78e1b79682ff: socket hang up
2025-05-04T15:45:11.388Z error: Error running scraper 0cefeb49-8621-48f9-bb8b-78e1b79682ff: socket hang up
2025-05-04T15:57:54.723Z error: Error executing scraper 0cefeb49-8621-48f9-bb8b-78e1b79682ff: socket hang up
2025-05-04T15:57:55.060Z error: Error running scraper 0cefeb49-8621-48f9-bb8b-78e1b79682ff: socket hang up
2025-05-04T15:58:39.048Z error: Error executing scraper 200375a4-eec5-4254-97f6-03914bbef13e: socket hang up
2025-05-04T15:58:39.333Z error: Error running scraper 200375a4-eec5-4254-97f6-03914bbef13e: socket hang up
2025-05-04T16:11:31.691Z error: Error executing scraper 200375a4-eec5-4254-97f6-03914bbef13e: socket hang up
2025-05-04T16:11:34.364Z error: Error running scraper 200375a4-eec5-4254-97f6-03914bbef13e: socket hang up
2025-05-04T16:53:20.237Z error: Error executing scraper f0bf16ef-9821-49ee-bcf1-172846311bfa: socket hang up
2025-05-04T16:53:23.149Z error: Error running scraper f0bf16ef-9821-49ee-bcf1-172846311bfa: socket hang up
2025-05-04T16:57:11.111Z error: Error executing scraper f0bf16ef-9821-49ee-bcf1-172846311bfa: socket hang up
2025-05-04T16:57:13.905Z error: Error running scraper f0bf16ef-9821-49ee-bcf1-172846311bfa: socket hang up
2025-05-04T17:53:59.744Z error: Error executing scraper 200375a4-eec5-4254-97f6-03914bbef13e: socket hang up
2025-05-04T17:54:02.414Z error: Error running scraper 200375a4-eec5-4254-97f6-03914bbef13e: socket hang up
2025-05-04T17:59:43.813Z error: Error executing scraper 0a02ef63-a471-4af4-a926-b9aef4c85ae3: socket hang up
2025-05-04T17:59:46.312Z error: Error running scraper 0a02ef63-a471-4af4-a926-b9aef4c85ae3: socket hang up
2025-05-04T19:12:33.327Z error: Error executing scraper 200375a4-eec5-4254-97f6-03914bbef13e: socket hang up
2025-05-04T19:12:36.120Z error: Error running scraper 200375a4-eec5-4254-97f6-03914bbef13e: socket hang up
2025-05-04T20:38:25.400Z error: Error executing scraper 200375a4-eec5-4254-97f6-03914bbef13e: socket hang up
2025-05-04T20:38:35.454Z error: Error running scraper 200375a4-eec5-4254-97f6-03914bbef13e: socket hang up
2025-05-04T20:47:11.898Z error: Error executing scraper 200375a4-eec5-4254-97f6-03914bbef13e: read ECONNRESET
2025-05-04T20:47:11.912Z error: Error executing scraper 0a02ef63-a471-4af4-a926-b9aef4c85ae3: Failed to launch the browser process!
[39592:259:0504/224711.582305:ERROR:policy_logger.cc(156)] :components/enterprise/browser/controller/chrome_browser_cloud_management_controller.cc(161) Cloud management controller initialization aborted as CBCM is not enabled. Please use the `--enable-chrome-browser-cloud-management` command line flag to enable it if you are not using the official Google Chrome build.
[0504/224711.905085:WARNING:crash_report_exception_handler.cc(235)] UniversalExceptionRaise: (os/kern) failure (5)


TROUBLESHOOTING: https://pptr.dev/troubleshooting

2025-05-04T20:47:16.173Z error: Error running scraper 200375a4-eec5-4254-97f6-03914bbef13e: read ECONNRESET
2025-05-04T20:47:16.249Z error: Error running scraper 0a02ef63-a471-4af4-a926-b9aef4c85ae3: Failed to launch the browser process!
[39592:259:0504/224711.582305:ERROR:policy_logger.cc(156)] :components/enterprise/browser/controller/chrome_browser_cloud_management_controller.cc(161) Cloud management controller initialization aborted as CBCM is not enabled. Please use the `--enable-chrome-browser-cloud-management` command line flag to enable it if you are not using the official Google Chrome build.
[0504/224711.905085:WARNING:crash_report_exception_handler.cc(235)] UniversalExceptionRaise: (os/kern) failure (5)


TROUBLESHOOTING: https://pptr.dev/troubleshooting

2025-05-04T20:47:17.779Z error: Error executing scraper 0a02ef63-a471-4af4-a926-b9aef4c85ae3: read ECONNRESET
2025-05-04T20:47:22.815Z error: Error running scraper 0a02ef63-a471-4af4-a926-b9aef4c85ae3: read ECONNRESET
2025-05-04T20:47:23.912Z error: Error executing scraper 0a02ef63-a471-4af4-a926-b9aef4c85ae3: socket hang up
2025-05-04T20:47:26.774Z error: Error running scraper 0a02ef63-a471-4af4-a926-b9aef4c85ae3: socket hang up
2025-05-04T20:47:26.929Z error: Error executing scraper 0a02ef63-a471-4af4-a926-b9aef4c85ae3: socket hang up
2025-05-04T20:47:30.050Z error: Error running scraper 0a02ef63-a471-4af4-a926-b9aef4c85ae3: socket hang up
2025-05-05T09:25:52.771Z error: Error executing scraper 2ae7920a-81bd-4284-8bb8-932b0cf9d1db: socket hang up
2025-05-05T09:25:55.548Z error: Error running scraper 2ae7920a-81bd-4284-8bb8-932b0cf9d1db: socket hang up
2025-05-05T09:31:12.295Z error: Error executing scraper 2ae7920a-81bd-4284-8bb8-932b0cf9d1db: socket hang up
2025-05-05T09:31:15.070Z error: Error running scraper 2ae7920a-81bd-4284-8bb8-932b0cf9d1db: socket hang up
2025-05-05T10:05:44.469Z error: Error executing scraper 2ae7920a-81bd-4284-8bb8-932b0cf9d1db: socket hang up
2025-05-05T10:05:47.283Z error: Error running scraper 2ae7920a-81bd-4284-8bb8-932b0cf9d1db: socket hang up
2025-05-05T10:07:14.885Z error: Error creating scraper: Could not find the 'type' column of 'scrapers' in the schema cache
2025-05-05T10:08:07.726Z error: Error creating scraper: Could not find the 'type' column of 'scrapers' in the schema cache
2025-05-05T10:08:48.034Z error: Error creating scraper: Could not find the 'type' column of 'scrapers' in the schema cache
2025-05-05T10:41:12.601Z error: Error executing scraper 51e07961-3037-4fe0-8acd-d4be228fa1aa: page.goto: net::ERR_HTTP2_PROTOCOL_ERROR at https://www.theknot.com/marketplace/wedding-photographers-atlanta-ga?page=2&sort=featured
Call log:
[2m  - navigating to "https://www.theknot.com/marketplace/wedding-photographers-atlanta-ga?page=2&sort=featured", waiting until "load"[22m

2025-05-05T10:41:15.192Z error: Error running scraper 51e07961-3037-4fe0-8acd-d4be228fa1aa: page.goto: net::ERR_HTTP2_PROTOCOL_ERROR at https://www.theknot.com/marketplace/wedding-photographers-atlanta-ga?page=2&sort=featured
Call log:
[2m  - navigating to "https://www.theknot.com/marketplace/wedding-photographers-atlanta-ga?page=2&sort=featured", waiting until "load"[22m

2025-05-05T11:17:50.746Z error: Error executing scraper 51e07961-3037-4fe0-8acd-d4be228fa1aa: page.goto: net::ERR_HTTP2_PROTOCOL_ERROR at https://www.theknot.com/marketplace/wedding-photographers-atlanta-ga?page=2&sort=featured
Call log:
[2m  - navigating to "https://www.theknot.com/marketplace/wedding-photographers-atlanta-ga?page=2&sort=featured", waiting until "load"[22m

2025-05-05T11:17:53.581Z error: Error running scraper 51e07961-3037-4fe0-8acd-d4be228fa1aa: page.goto: net::ERR_HTTP2_PROTOCOL_ERROR at https://www.theknot.com/marketplace/wedding-photographers-atlanta-ga?page=2&sort=featured
Call log:
[2m  - navigating to "https://www.theknot.com/marketplace/wedding-photographers-atlanta-ga?page=2&sort=featured", waiting until "load"[22m

2025-05-05T11:48:51.399Z error: Error executing scraper 6fd562be-9d9d-4131-802e-eb9d4c021ee5: page.waitForSelector: Timeout 15000ms exceeded.
Call log:
[2m  - waiting for locator('.table-detail') to be visible[22m
[2m    34 × locator resolved to 30 elements. Proceeding with the first one: <div class="table-detail">…</div>[22m

2025-05-05T11:48:51.642Z error: Error running scraper 6fd562be-9d9d-4131-802e-eb9d4c021ee5: page.waitForSelector: Timeout 15000ms exceeded.
Call log:
[2m  - waiting for locator('.table-detail') to be visible[22m
[2m    34 × locator resolved to 30 elements. Proceeding with the first one: <div class="table-detail">…</div>[22m

2025-05-05T13:39:42.049Z error: Error executing scraper df24f7bf-49fc-4fbb-8e7f-4db3e51ab062: page.waitForSelector: Timeout 15000ms exceeded.
Call log:
[2m  - waiting for locator('span.palmares-phone, a[href^="mailto:"], a[href^="http"]') to be visible[22m
[2m    34 × locator resolved to 40 elements. Proceeding with the first one: <a class="bg-hover-color" href="https://www.charika.ma/cgv">…</a>[22m

2025-05-05T13:39:42.278Z error: Error running scraper df24f7bf-49fc-4fbb-8e7f-4db3e51ab062: page.waitForSelector: Timeout 15000ms exceeded.
Call log:
[2m  - waiting for locator('span.palmares-phone, a[href^="mailto:"], a[href^="http"]') to be visible[22m
[2m    34 × locator resolved to 40 elements. Proceeding with the first one: <a class="bg-hover-color" href="https://www.charika.ma/cgv">…</a>[22m

2025-05-05T13:45:58.020Z error: Error executing scraper fa0cb95a-157c-4e52-aec7-79afeb28e078: page.waitForSelector: Timeout 15000ms exceeded.
Call log:
[2m  - waiting for locator('a[href^="mailto:"]') to be visible[22m
[2m    34 × locator resolved to 12 elements. Proceeding with the first one: <a href="mailto:younese.eddahni@seoer.co.ma">younese.eddahni@seoer.co.ma</a>[22m

2025-05-05T13:45:58.245Z error: Error running scraper fa0cb95a-157c-4e52-aec7-79afeb28e078: page.waitForSelector: Timeout 15000ms exceeded.
Call log:
[2m  - waiting for locator('a[href^="mailto:"]') to be visible[22m
[2m    34 × locator resolved to 12 elements. Proceeding with the first one: <a href="mailto:younese.eddahni@seoer.co.ma">younese.eddahni@seoer.co.ma</a>[22m

2025-05-05T13:50:02.783Z error: Error executing scraper 4816d87d-c9fa-43a8-bfe3-08a62070e076: page.waitForSelector: Timeout 15000ms exceeded.
Call log:
[2m  - waiting for locator('.ligne-tfmw') to be visible[22m
[2m    34 × locator resolved to 76 elements. Proceeding with the first one: <div class=" ligne-tfmw">…</div>[22m

2025-05-05T13:50:03.038Z error: Error running scraper 4816d87d-c9fa-43a8-bfe3-08a62070e076: page.waitForSelector: Timeout 15000ms exceeded.
Call log:
[2m  - waiting for locator('.ligne-tfmw') to be visible[22m
[2m    34 × locator resolved to 76 elements. Proceeding with the first one: <div class=" ligne-tfmw">…</div>[22m

2025-05-05T13:51:32.293Z error: Error executing scraper e77701c3-f844-494f-907c-88db900bdd38: page.waitForSelector: Timeout 15000ms exceeded.
Call log:
[2m  - waiting for locator('.ligne-tfmw') to be visible[22m
[2m    34 × locator resolved to 76 elements. Proceeding with the first one: <div class=" ligne-tfmw">…</div>[22m

2025-05-05T13:51:32.637Z error: Error running scraper e77701c3-f844-494f-907c-88db900bdd38: page.waitForSelector: Timeout 15000ms exceeded.
Call log:
[2m  - waiting for locator('.ligne-tfmw') to be visible[22m
[2m    34 × locator resolved to 76 elements. Proceeding with the first one: <div class=" ligne-tfmw">…</div>[22m

2025-05-05T13:53:24.067Z error: Error executing scraper 0a02ef63-a471-4af4-a926-b9aef4c85ae3: page.waitForSelector: Timeout 15000ms exceeded.
Call log:
[2m  - waiting for locator('.ListElement_listElement__XNKIP ListElement_listElementActive__yjJ0t') to be visible[22m

2025-05-05T13:53:24.735Z error: Error running scraper 0a02ef63-a471-4af4-a926-b9aef4c85ae3: page.waitForSelector: Timeout 15000ms exceeded.
Call log:
[2m  - waiting for locator('.ListElement_listElement__XNKIP ListElement_listElementActive__yjJ0t') to be visible[22m

2025-05-05T15:23:11.673Z error: Error executing scraper 5ce37456-d1e2-45f1-9cde-0cabf4368d75: page.waitForSelector: Timeout 15000ms exceeded.
Call log:
[2m  - waiting for locator('a[href^="mailto:"]') to be visible[22m
[2m    34 × locator resolved to 12 elements. Proceeding with the first one: <a href="mailto:younese.eddahni@seoer.co.ma">younese.eddahni@seoer.co.ma</a>[22m

2025-05-05T15:23:11.973Z error: Error running scraper 5ce37456-d1e2-45f1-9cde-0cabf4368d75: page.waitForSelector: Timeout 15000ms exceeded.
Call log:
[2m  - waiting for locator('a[href^="mailto:"]') to be visible[22m
[2m    34 × locator resolved to 12 elements. Proceeding with the first one: <a href="mailto:younese.eddahni@seoer.co.ma">younese.eddahni@seoer.co.ma</a>[22m

2025-05-05T15:57:05.486Z error: Error executing scraper 42b1e25e-3a2c-4857-b760-a7af2bf06110: page.waitForSelector: Timeout 10000ms exceeded.
Call log:
[2m  - waiting for locator('.col-md-6') to be visible[22m
[2m    25 × locator resolved to 74 elements. Proceeding with the first one: <div title="Se connecter" class="col-md-6 nopadding">…</div>[22m

2025-05-05T15:57:05.695Z error: Error running scraper 42b1e25e-3a2c-4857-b760-a7af2bf06110: page.waitForSelector: Timeout 10000ms exceeded.
Call log:
[2m  - waiting for locator('.col-md-6') to be visible[22m
[2m    25 × locator resolved to 74 elements. Proceeding with the first one: <div title="Se connecter" class="col-md-6 nopadding">…</div>[22m

2025-05-05T15:59:17.558Z error: Error executing scraper fa454ff6-9283-4da0-96dc-416c616b752b: page.waitForSelector: Unexpected token "" while parsing css selector "". Did you mean to CSS.escape it?
Call log:
[2m  - waiting for  to be visible[22m

2025-05-05T15:59:17.786Z error: Error running scraper fa454ff6-9283-4da0-96dc-416c616b752b: page.waitForSelector: Unexpected token "" while parsing css selector "". Did you mean to CSS.escape it?
Call log:
[2m  - waiting for  to be visible[22m

2025-05-05T16:00:25.502Z error: Error executing scraper 42b1e25e-3a2c-4857-b760-a7af2bf06110: page.waitForSelector: Timeout 10000ms exceeded.
Call log:
[2m  - waiting for locator('.col-md-6') to be visible[22m
[2m    25 × locator resolved to 74 elements. Proceeding with the first one: <div title="Se connecter" class="col-md-6 nopadding">…</div>[22m

2025-05-05T16:00:25.727Z error: Error running scraper 42b1e25e-3a2c-4857-b760-a7af2bf06110: page.waitForSelector: Timeout 10000ms exceeded.
Call log:
[2m  - waiting for locator('.col-md-6') to be visible[22m
[2m    25 × locator resolved to 74 elements. Proceeding with the first one: <div title="Se connecter" class="col-md-6 nopadding">…</div>[22m

2025-05-05T16:20:31.483Z error: Error fetching scrapers: TypeError: fetch failed
2025-05-05T16:41:46.383Z error: Error executing scraper 10fe84da-757e-4eed-9f71-fea032281046: page.waitForSelector: Timeout 10000ms exceeded.
Call log:
[2m  - waiting for locator('.col-md-6') to be visible[22m
[2m    25 × locator resolved to 74 elements. Proceeding with the first one: <div title="Se connecter" class="col-md-6 nopadding">…</div>[22m

2025-05-05T16:41:46.747Z error: Error running scraper 10fe84da-757e-4eed-9f71-fea032281046: page.waitForSelector: Timeout 10000ms exceeded.
Call log:
[2m  - waiting for locator('.col-md-6') to be visible[22m
[2m    25 × locator resolved to 74 elements. Proceeding with the first one: <div title="Se connecter" class="col-md-6 nopadding">…</div>[22m

2025-05-05T18:45:33.874Z error: Error executing scraper 12c150c9-61ab-4cc9-b29d-c5be4121819c: page.waitForSelector: Timeout 10000ms exceeded.
Call log:
[2m  - waiting for locator('.col-md-6') to be visible[22m
[2m    25 × locator resolved to 74 elements. Proceeding with the first one: <div title="Se connecter" class="col-md-6 nopadding">…</div>[22m

2025-05-05T18:45:34.310Z error: Error running scraper 12c150c9-61ab-4cc9-b29d-c5be4121819c: page.waitForSelector: Timeout 10000ms exceeded.
Call log:
[2m  - waiting for locator('.col-md-6') to be visible[22m
[2m    25 × locator resolved to 74 elements. Proceeding with the first one: <div title="Se connecter" class="col-md-6 nopadding">…</div>[22m

2025-05-05T18:50:32.423Z error: Error executing scraper c32b8252-ce05-4520-8c0c-f71bb93c40f4: page.waitForSelector: Timeout 10000ms exceeded.
Call log:
[2m  - waiting for locator('.row') to be visible[22m
[2m    25 × locator resolved to 51 elements. Proceeding with the first one: <div class="row">…</div>[22m

2025-05-05T18:50:32.805Z error: Error running scraper c32b8252-ce05-4520-8c0c-f71bb93c40f4: page.waitForSelector: Timeout 10000ms exceeded.
Call log:
[2m  - waiting for locator('.row') to be visible[22m
[2m    25 × locator resolved to 51 elements. Proceeding with the first one: <div class="row">…</div>[22m

2025-05-05T20:38:44.764Z error: Error executing scraper 548232d3-5980-465e-8ca0-2e3f8498c8e6: page.evaluate: Target page, context or browser has been closed
2025-05-05T20:38:45.291Z error: Error running scraper 548232d3-5980-465e-8ca0-2e3f8498c8e6: page.evaluate: Target page, context or browser has been closed
2025-05-07T19:01:20.770Z error: Error executing scraper 6a48753a-ff74-4b36-b3d8-dd9e95a80c83: page.evaluate: SyntaxError: Failed to execute 'querySelectorAll' on 'Document': The provided selector is empty.
    at eval (eval at evaluate (:313:29), <anonymous>:4:20)
    at Array.forEach (<anonymous>)
    at eval (eval at evaluate (:313:29), <anonymous>:3:19)
    at UtilityScript.evaluate (<anonymous>:315:16)
    at UtilityScript.<anonymous> (<anonymous>:1:44)
2025-05-07T19:01:21.477Z error: Error running scraper 6a48753a-ff74-4b36-b3d8-dd9e95a80c83: page.evaluate: SyntaxError: Failed to execute 'querySelectorAll' on 'Document': The provided selector is empty.
    at eval (eval at evaluate (:313:29), <anonymous>:4:20)
    at Array.forEach (<anonymous>)
    at eval (eval at evaluate (:313:29), <anonymous>:3:19)
    at UtilityScript.evaluate (<anonymous>:315:16)
    at UtilityScript.<anonymous> (<anonymous>:1:44)
2025-05-07T19:40:21.483Z error: Error executing scraper a7d3e16a-47ad-4959-94ba-d60dab3a7ae3: page.evaluate: SyntaxError: Failed to execute 'querySelectorAll' on 'Document': The provided selector is empty.
    at eval (eval at evaluate (:313:29), <anonymous>:4:20)
    at Array.forEach (<anonymous>)
    at eval (eval at evaluate (:313:29), <anonymous>:3:19)
    at UtilityScript.evaluate (<anonymous>:315:16)
    at UtilityScript.<anonymous> (<anonymous>:1:44)
2025-05-07T19:40:21.827Z error: Error running scraper a7d3e16a-47ad-4959-94ba-d60dab3a7ae3: page.evaluate: SyntaxError: Failed to execute 'querySelectorAll' on 'Document': The provided selector is empty.
    at eval (eval at evaluate (:313:29), <anonymous>:4:20)
    at Array.forEach (<anonymous>)
    at eval (eval at evaluate (:313:29), <anonymous>:3:19)
    at UtilityScript.evaluate (<anonymous>:315:16)
    at UtilityScript.<anonymous> (<anonymous>:1:44)
2025-05-07T20:32:14.203Z error: Error executing scraper 6a48753a-ff74-4b36-b3d8-dd9e95a80c83: page.evaluate: SyntaxError: Failed to execute 'querySelectorAll' on 'Document': The provided selector is empty.
    at eval (eval at evaluate (:313:29), <anonymous>:4:20)
    at Array.forEach (<anonymous>)
    at eval (eval at evaluate (:313:29), <anonymous>:3:19)
    at UtilityScript.evaluate (<anonymous>:315:16)
    at UtilityScript.<anonymous> (<anonymous>:1:44)
2025-05-07T20:32:16.813Z error: Error running scraper 6a48753a-ff74-4b36-b3d8-dd9e95a80c83: page.evaluate: SyntaxError: Failed to execute 'querySelectorAll' on 'Document': The provided selector is empty.
    at eval (eval at evaluate (:313:29), <anonymous>:4:20)
    at Array.forEach (<anonymous>)
    at eval (eval at evaluate (:313:29), <anonymous>:3:19)
    at UtilityScript.evaluate (<anonymous>:315:16)
    at UtilityScript.<anonymous> (<anonymous>:1:44)
2025-05-09T15:14:02.567Z error: Error upserting company data: Could not find the 'scraper_name' column of 'companies' in the schema cache
2025-05-09T15:14:02.720Z error: Error upserting company data: Could not find the 'scraper_name' column of 'companies' in the schema cache
2025-05-09T15:14:02.925Z error: Error upserting company data: Could not find the 'scraper_name' column of 'companies' in the schema cache
2025-05-09T15:14:03.040Z error: Error upserting company data: Could not find the 'scraper_name' column of 'companies' in the schema cache
2025-05-09T15:14:03.131Z error: Error upserting company data: Could not find the 'scraper_name' column of 'companies' in the schema cache
2025-05-09T15:14:03.239Z error: Error upserting company data: Could not find the 'scraper_name' column of 'companies' in the schema cache
2025-05-09T15:14:03.334Z error: Error upserting company data: Could not find the 'scraper_name' column of 'companies' in the schema cache
2025-05-09T15:14:03.439Z error: Error upserting company data: Could not find the 'scraper_name' column of 'companies' in the schema cache
2025-05-09T15:14:03.540Z error: Error upserting company data: Could not find the 'scraper_name' column of 'companies' in the schema cache
2025-05-09T15:14:03.641Z error: Error upserting company data: Could not find the 'scraper_name' column of 'companies' in the schema cache
2025-05-09T15:14:03.744Z error: Error upserting company data: Could not find the 'scraper_name' column of 'companies' in the schema cache
2025-05-09T15:14:03.846Z error: Error upserting company data: Could not find the 'scraper_name' column of 'companies' in the schema cache
2025-05-09T15:14:03.909Z error: Error upserting company data: Could not find the 'scraper_name' column of 'companies' in the schema cache
2025-05-09T15:14:03.969Z error: Error upserting company data: Could not find the 'scraper_name' column of 'companies' in the schema cache
2025-05-09T15:14:04.051Z error: Error upserting company data: Could not find the 'scraper_name' column of 'companies' in the schema cache
2025-05-09T15:14:04.119Z error: Error upserting company data: Could not find the 'scraper_name' column of 'companies' in the schema cache
2025-05-09T15:14:04.256Z error: Error upserting company data: Could not find the 'scraper_name' column of 'companies' in the schema cache
2025-05-09T15:14:04.316Z error: Error upserting company data: Could not find the 'scraper_name' column of 'companies' in the schema cache
2025-05-09T15:14:04.410Z error: Error upserting company data: Could not find the 'scraper_name' column of 'companies' in the schema cache
2025-05-09T15:14:04.479Z error: Error upserting company data: Could not find the 'scraper_name' column of 'companies' in the schema cache
2025-05-09T15:14:04.563Z error: Error upserting company data: Could not find the 'scraper_name' column of 'companies' in the schema cache
2025-05-09T15:14:04.729Z error: Error upserting company data: Could not find the 'scraper_name' column of 'companies' in the schema cache
2025-05-09T15:14:04.820Z error: Error upserting company data: Could not find the 'scraper_name' column of 'companies' in the schema cache
2025-05-09T15:14:04.872Z error: Error upserting company data: Could not find the 'scraper_name' column of 'companies' in the schema cache
2025-05-09T15:14:04.929Z error: Error upserting company data: Could not find the 'scraper_name' column of 'companies' in the schema cache
2025-05-09T15:14:04.999Z error: Error upserting company data: Could not find the 'scraper_name' column of 'companies' in the schema cache
2025-05-09T15:14:05.075Z error: Error upserting company data: Could not find the 'scraper_name' column of 'companies' in the schema cache
2025-05-09T15:14:05.139Z error: Error upserting company data: Could not find the 'scraper_name' column of 'companies' in the schema cache
2025-05-09T15:14:05.199Z error: Error upserting company data: Could not find the 'scraper_name' column of 'companies' in the schema cache
2025-05-09T15:14:05.280Z error: Error upserting company data: Could not find the 'scraper_name' column of 'companies' in the schema cache
2025-05-09T15:16:03.061Z error: Error upserting company data: Could not find the 'scraper_name' column of 'companies' in the schema cache
2025-05-09T15:16:03.208Z error: Error upserting company data: Could not find the 'scraper_name' column of 'companies' in the schema cache
2025-05-09T15:16:03.413Z error: Error upserting company data: Could not find the 'scraper_name' column of 'companies' in the schema cache
2025-05-09T15:16:03.553Z error: Error upserting company data: Could not find the 'scraper_name' column of 'companies' in the schema cache
2025-05-09T15:16:03.711Z error: Error upserting company data: Could not find the 'scraper_name' column of 'companies' in the schema cache
2025-05-09T15:16:03.861Z error: Error upserting company data: Could not find the 'scraper_name' column of 'companies' in the schema cache
2025-05-09T15:16:04.020Z error: Error upserting company data: Could not find the 'scraper_name' column of 'companies' in the schema cache
2025-05-09T15:16:04.140Z error: Error upserting company data: Could not find the 'scraper_name' column of 'companies' in the schema cache
2025-05-09T15:16:04.341Z error: Error upserting company data: Could not find the 'scraper_name' column of 'companies' in the schema cache
2025-05-09T15:16:04.474Z error: Error upserting company data: Could not find the 'scraper_name' column of 'companies' in the schema cache
2025-05-09T15:16:04.579Z error: Error upserting company data: Could not find the 'scraper_name' column of 'companies' in the schema cache
2025-05-09T15:16:04.699Z error: Error upserting company data: Could not find the 'scraper_name' column of 'companies' in the schema cache
2025-05-09T15:16:04.886Z error: Error upserting company data: Could not find the 'scraper_name' column of 'companies' in the schema cache
2025-05-09T15:16:05.060Z error: Error upserting company data: Could not find the 'scraper_name' column of 'companies' in the schema cache
2025-05-09T15:16:05.244Z error: Error upserting company data: Could not find the 'scraper_name' column of 'companies' in the schema cache
2025-05-09T15:16:05.396Z error: Error upserting company data: Could not find the 'scraper_name' column of 'companies' in the schema cache
2025-05-09T15:16:05.509Z error: Error upserting company data: Could not find the 'scraper_name' column of 'companies' in the schema cache
2025-05-09T15:16:05.619Z error: Error upserting company data: Could not find the 'scraper_name' column of 'companies' in the schema cache
2025-05-09T15:16:05.871Z error: Error upserting company data: Could not find the 'scraper_name' column of 'companies' in the schema cache
2025-05-09T15:16:06.114Z error: Error upserting company data: Could not find the 'scraper_name' column of 'companies' in the schema cache
2025-05-09T15:16:06.338Z error: Error upserting company data: Could not find the 'scraper_name' column of 'companies' in the schema cache
2025-05-09T15:16:06.521Z error: Error upserting company data: Could not find the 'scraper_name' column of 'companies' in the schema cache
2025-05-09T15:16:06.677Z error: Error upserting company data: Could not find the 'scraper_name' column of 'companies' in the schema cache
2025-05-09T15:16:06.820Z error: Error upserting company data: Could not find the 'scraper_name' column of 'companies' in the schema cache
2025-05-09T15:16:06.985Z error: Error upserting company data: Could not find the 'scraper_name' column of 'companies' in the schema cache
2025-05-09T15:16:07.139Z error: Error upserting company data: Could not find the 'scraper_name' column of 'companies' in the schema cache
2025-05-09T15:16:07.299Z error: Error upserting company data: Could not find the 'scraper_name' column of 'companies' in the schema cache
2025-05-09T15:16:07.407Z error: Error upserting company data: Could not find the 'scraper_name' column of 'companies' in the schema cache
2025-05-09T15:16:07.546Z error: Error upserting company data: Could not find the 'scraper_name' column of 'companies' in the schema cache
2025-05-09T15:16:07.706Z error: Error upserting company data: Could not find the 'scraper_name' column of 'companies' in the schema cache
2025-05-09T15:23:10.214Z error: Error executing scraper 7faa1618-48ca-4303-a796-ba217b74e818: page.evaluate: ReferenceError: currentUrl is not defined
    at eval (eval at evaluate (:313:29), <anonymous>:41:20)
    at NodeList.forEach (<anonymous>)
    at eval (eval at evaluate (:313:29), <anonymous>:4:42)
    at Array.forEach (<anonymous>)
    at eval (eval at evaluate (:313:29), <anonymous>:3:19)
    at UtilityScript.evaluate (<anonymous>:315:16)
    at UtilityScript.<anonymous> (<anonymous>:1:44)
2025-05-09T15:23:10.667Z error: Error running scraper 7faa1618-48ca-4303-a796-ba217b74e818: page.evaluate: ReferenceError: currentUrl is not defined
    at eval (eval at evaluate (:313:29), <anonymous>:41:20)
    at NodeList.forEach (<anonymous>)
    at eval (eval at evaluate (:313:29), <anonymous>:4:42)
    at Array.forEach (<anonymous>)
    at eval (eval at evaluate (:313:29), <anonymous>:3:19)
    at UtilityScript.evaluate (<anonymous>:315:16)
    at UtilityScript.<anonymous> (<anonymous>:1:44)
2025-05-09T15:24:32.248Z error: Error creating scraper: Could not find the 'country' column of 'scrapers' in the schema cache
2025-05-09T15:31:37.105Z error: Error creating scraper: Could not find the 'country' column of 'scrapers' in the schema cache
2025-05-09T15:33:02.036Z error: Error creating scraper: Could not find the 'country' column of 'scrapers' in the schema cache
2025-05-09T15:34:48.184Z error: Error creating scraper: Could not find the 'country' column of 'scrapers' in the schema cache
2025-05-09T15:35:42.256Z error: Error creating scraper: Could not find the 'country' column of 'scrapers' in the schema cache
2025-05-09T15:38:59.053Z error: Error creating scraper: Could not find the 'country' column of 'scrapers' in the schema cache
2025-05-09T15:40:21.890Z error: Error creating scraper: Could not find the 'country' column of 'scrapers' in the schema cache
2025-05-09T15:47:22.173Z error: Error executing scraper 6e036e0a-9630-41b5-a1fb-b1fb3b5c14d6: Too many arguments. If you need to pass more than 1 argument to the function wrap them in an object.
2025-05-09T15:47:22.547Z error: Error running scraper 6e036e0a-9630-41b5-a1fb-b1fb3b5c14d6: Too many arguments. If you need to pass more than 1 argument to the function wrap them in an object.
2025-05-09T15:50:37.178Z error: Error executing scraper 6e036e0a-9630-41b5-a1fb-b1fb3b5c14d6: Too many arguments. If you need to pass more than 1 argument to the function wrap them in an object.
2025-05-09T15:50:37.776Z error: Error running scraper 6e036e0a-9630-41b5-a1fb-b1fb3b5c14d6: Too many arguments. If you need to pass more than 1 argument to the function wrap them in an object.
2025-05-09T15:51:31.315Z error: Error executing scraper 6e036e0a-9630-41b5-a1fb-b1fb3b5c14d6: Too many arguments. If you need to pass more than 1 argument to the function wrap them in an object.
2025-05-09T15:51:31.531Z error: Error running scraper 6e036e0a-9630-41b5-a1fb-b1fb3b5c14d6: Too many arguments. If you need to pass more than 1 argument to the function wrap them in an object.
2025-05-09T15:55:32.478Z error: Error executing scraper 6e036e0a-9630-41b5-a1fb-b1fb3b5c14d6: Cannot read properties of undefined (reading 'split')
2025-05-09T15:55:34.117Z error: Error running scraper 6e036e0a-9630-41b5-a1fb-b1fb3b5c14d6: Cannot read properties of undefined (reading 'split')
2025-05-09T15:56:26.160Z error: Error executing scraper 7faa1618-48ca-4303-a796-ba217b74e818: Too many arguments. If you need to pass more than 1 argument to the function wrap them in an object.
2025-05-09T15:56:26.651Z error: Error running scraper 7faa1618-48ca-4303-a796-ba217b74e818: Too many arguments. If you need to pass more than 1 argument to the function wrap them in an object.
2025-05-09T15:57:10.248Z error: Error executing scraper 6e036e0a-9630-41b5-a1fb-b1fb3b5c14d6: Too many arguments. If you need to pass more than 1 argument to the function wrap them in an object.
2025-05-09T15:57:10.804Z error: Error running scraper 6e036e0a-9630-41b5-a1fb-b1fb3b5c14d6: Too many arguments. If you need to pass more than 1 argument to the function wrap them in an object.
2025-05-09T15:58:01.098Z error: Error executing scraper 6e036e0a-9630-41b5-a1fb-b1fb3b5c14d6: Too many arguments. If you need to pass more than 1 argument to the function wrap them in an object.
2025-05-09T15:58:01.320Z error: Error running scraper 6e036e0a-9630-41b5-a1fb-b1fb3b5c14d6: Too many arguments. If you need to pass more than 1 argument to the function wrap them in an object.
2025-05-09T16:00:44.092Z error: Error executing scraper 6e036e0a-9630-41b5-a1fb-b1fb3b5c14d6: Too many arguments. If you need to pass more than 1 argument to the function wrap them in an object.
2025-05-09T16:00:44.373Z error: Error running scraper 6e036e0a-9630-41b5-a1fb-b1fb3b5c14d6: Too many arguments. If you need to pass more than 1 argument to the function wrap them in an object.
2025-05-09T16:01:44.339Z error: Error executing scraper 497415ed-96bd-4923-9a4b-cc459bb31d96: Too many arguments. If you need to pass more than 1 argument to the function wrap them in an object.
2025-05-09T16:01:44.653Z error: Error running scraper 497415ed-96bd-4923-9a4b-cc459bb31d96: Too many arguments. If you need to pass more than 1 argument to the function wrap them in an object.
2025-05-09T16:05:36.395Z error: Error executing scraper da19e89d-2236-476a-b808-8f1493e8e368: Too many arguments. If you need to pass more than 1 argument to the function wrap them in an object.
2025-05-09T16:05:36.621Z error: Error running scraper da19e89d-2236-476a-b808-8f1493e8e368: Too many arguments. If you need to pass more than 1 argument to the function wrap them in an object.
2025-05-09T16:06:06.079Z error: Error executing scraper 7faa1618-48ca-4303-a796-ba217b74e818: Too many arguments. If you need to pass more than 1 argument to the function wrap them in an object.
2025-05-09T16:06:06.439Z error: Error running scraper 7faa1618-48ca-4303-a796-ba217b74e818: Too many arguments. If you need to pass more than 1 argument to the function wrap them in an object.
2025-05-09T16:09:52.825Z error: Error executing scraper 497415ed-96bd-4923-9a4b-cc459bb31d96: Too many arguments. If you need to pass more than 1 argument to the function wrap them in an object.
2025-05-09T16:09:53.043Z error: Error running scraper 497415ed-96bd-4923-9a4b-cc459bb31d96: Too many arguments. If you need to pass more than 1 argument to the function wrap them in an object.
2025-05-09T16:10:40.380Z error: Error executing scraper 7faa1618-48ca-4303-a796-ba217b74e818: Too many arguments. If you need to pass more than 1 argument to the function wrap them in an object.
2025-05-09T16:10:40.653Z error: Error running scraper 7faa1618-48ca-4303-a796-ba217b74e818: Too many arguments. If you need to pass more than 1 argument to the function wrap them in an object.
2025-05-10T14:11:59.098Z error: Error executing scraper c6ef732f-9410-4dd5-b510-ea746cab74dd: Failed to store scraped data: Could not find the 'content' column of 'scraped_data' in the schema cache
2025-05-10T14:12:02.021Z error: Error running scraper c6ef732f-9410-4dd5-b510-ea746cab74dd: Failed to store scraped data: Could not find the 'content' column of 'scraped_data' in the schema cache
2025-05-10T14:14:18.768Z error: Error executing scraper c6ef732f-9410-4dd5-b510-ea746cab74dd: Failed to store scraped data: Could not find the 'contenu' column of 'scraped_data' in the schema cache
2025-05-10T14:14:21.482Z error: Error running scraper c6ef732f-9410-4dd5-b510-ea746cab74dd: Failed to store scraped data: Could not find the 'contenu' column of 'scraped_data' in the schema cache
2025-05-10T14:15:10.567Z error: Error executing scraper c6ef732f-9410-4dd5-b510-ea746cab74dd: Failed to store scraped data: Could not find the 'contenu' column of 'scraped_data' in the schema cache
2025-05-10T14:15:13.380Z error: Error running scraper c6ef732f-9410-4dd5-b510-ea746cab74dd: Failed to store scraped data: Could not find the 'contenu' column of 'scraped_data' in the schema cache
2025-05-10T14:18:58.100Z error: Error executing scraper c6ef732f-9410-4dd5-b510-ea746cab74dd: Failed to store scraped data: Could not find the 'date_extraction' column of 'scraped_data' in the schema cache
2025-05-10T14:19:00.811Z error: Error running scraper c6ef732f-9410-4dd5-b510-ea746cab74dd: Failed to store scraped data: Could not find the 'date_extraction' column of 'scraped_data' in the schema cache
2025-05-10T16:46:25.222Z error: Error executing scraper 0a001856-45c1-488d-86ea-7ab879baada6: Failed to store scraped data: Could not find the 'ville' column of 'scraped_data' in the schema cache
2025-05-10T16:46:27.849Z error: Error running scraper 0a001856-45c1-488d-86ea-7ab879baada6: Failed to store scraped data: Could not find the 'ville' column of 'scraped_data' in the schema cache
2025-05-10T16:55:33.583Z error: Error fetching scraped data for scraper all: invalid input syntax for type uuid: "all"
2025-05-10T16:55:45.664Z error: Error fetching scraped data for scraper all: invalid input syntax for type uuid: "all"
2025-05-10T16:55:46.433Z error: Error fetching scraped data for scraper all: invalid input syntax for type uuid: "all"
2025-05-10T16:56:37.481Z error: Error fetching scraped data for scraper all: invalid input syntax for type uuid: "all"
2025-05-10T16:56:51.995Z error: Error fetching scraped data for scraper all: invalid input syntax for type uuid: "all"
2025-05-10T16:57:47.575Z error: Error fetching scraped data for scraper all: invalid input syntax for type uuid: "all"
2025-05-11T21:33:14.355Z error: Error: request entity too large
2025-05-11T21:33:24.011Z error: Error: request entity too large
2025-05-11T21:33:39.706Z error: Error: request entity too large
2025-05-11T21:33:44.792Z error: Error: request entity too large
2025-05-11T21:47:46.037Z error: Error: request entity too large
2025-05-12T18:18:40.825Z error: Error fetching scrapers: TypeError: fetch failed
2025-05-12T21:12:21.118Z error: Error: request entity too large
{"level":"error","message":"[AUTH_LOGIN] Supabase signInWithPassword error: Invalid login credentials","metadata":{"metadata":{"__isAuthError":true,"code":"invalid_credentials","name":"AuthApiError","stack":"AuthApiError: Invalid login credentials\n    at handleError (C:\\Users\\Salomon KS\\Documents\\DEV VS CODE\\le-moissoneurV2\\backend\\node_modules\\@supabase\\auth-js\\dist\\main\\lib\\fetch.js:69:11)\n    at process.processTicksAndRejections (node:internal/process/task_queues:95:5)\n    at async _handleRequest (C:\\Users\\Salomon KS\\Documents\\DEV VS CODE\\le-moissoneurV2\\backend\\node_modules\\@supabase\\auth-js\\dist\\main\\lib\\fetch.js:114:9)\n    at async _request (C:\\Users\\Salomon KS\\Documents\\DEV VS CODE\\le-moissoneurV2\\backend\\node_modules\\@supabase\\auth-js\\dist\\main\\lib\\fetch.js:95:18)\n    at async SupabaseAuthClient.signInWithPassword (C:\\Users\\Salomon KS\\Documents\\DEV VS CODE\\le-moissoneurV2\\backend\\node_modules\\@supabase\\auth-js\\dist\\main\\GoTrueClient.js:348:23)\n    at async AuthController.login (C:\\Users\\Salomon KS\\Documents\\DEV VS CODE\\le-moissoneurV2\\backend\\src\\controllers\\authController.js:56:56)","status":400}},"timestamp":"2025-05-27 21:37:40:3740"}
{"level":"error","message":"[AUTH_LOGIN] Supabase signInWithPassword error: Invalid login credentials","metadata":{"metadata":{"__isAuthError":true,"code":"invalid_credentials","name":"AuthApiError","stack":"AuthApiError: Invalid login credentials\n    at handleError (C:\\Users\\Salomon KS\\Documents\\DEV VS CODE\\le-moissoneurV2\\backend\\node_modules\\@supabase\\auth-js\\dist\\main\\lib\\fetch.js:69:11)\n    at process.processTicksAndRejections (node:internal/process/task_queues:95:5)\n    at async _handleRequest (C:\\Users\\Salomon KS\\Documents\\DEV VS CODE\\le-moissoneurV2\\backend\\node_modules\\@supabase\\auth-js\\dist\\main\\lib\\fetch.js:114:9)\n    at async _request (C:\\Users\\Salomon KS\\Documents\\DEV VS CODE\\le-moissoneurV2\\backend\\node_modules\\@supabase\\auth-js\\dist\\main\\lib\\fetch.js:95:18)\n    at async SupabaseAuthClient.signInWithPassword (C:\\Users\\Salomon KS\\Documents\\DEV VS CODE\\le-moissoneurV2\\backend\\node_modules\\@supabase\\auth-js\\dist\\main\\GoTrueClient.js:348:23)\n    at async AuthController.login (C:\\Users\\Salomon KS\\Documents\\DEV VS CODE\\le-moissoneurV2\\backend\\src\\controllers\\authController.js:56:56)","status":400}},"timestamp":"2025-05-27 21:38:03:383"}
{"level":"error","message":"[AUTH_LOGIN] Supabase signInWithPassword error: Invalid login credentials","metadata":{"metadata":{"__isAuthError":true,"code":"invalid_credentials","name":"AuthApiError","stack":"AuthApiError: Invalid login credentials\n    at handleError (C:\\Users\\Salomon KS\\Documents\\DEV VS CODE\\le-moissoneurV2\\backend\\node_modules\\@supabase\\auth-js\\dist\\main\\lib\\fetch.js:69:11)\n    at process.processTicksAndRejections (node:internal/process/task_queues:95:5)\n    at async _handleRequest (C:\\Users\\Salomon KS\\Documents\\DEV VS CODE\\le-moissoneurV2\\backend\\node_modules\\@supabase\\auth-js\\dist\\main\\lib\\fetch.js:114:9)\n    at async _request (C:\\Users\\Salomon KS\\Documents\\DEV VS CODE\\le-moissoneurV2\\backend\\node_modules\\@supabase\\auth-js\\dist\\main\\lib\\fetch.js:95:18)\n    at async SupabaseAuthClient.signInWithPassword (C:\\Users\\Salomon KS\\Documents\\DEV VS CODE\\le-moissoneurV2\\backend\\node_modules\\@supabase\\auth-js\\dist\\main\\GoTrueClient.js:348:23)\n    at async AuthController.login (C:\\Users\\Salomon KS\\Documents\\DEV VS CODE\\le-moissoneurV2\\backend\\src\\controllers\\authController.js:56:56)","status":400}},"timestamp":"2025-05-27 21:39:09:399"}
{"level":"error","message":"Job scraper-15efdbb9-5253-492a-b561-5eeecaa50fb1-1748380958848 failed: scraperService.processScrapeJob is not a function","metadata":{"metadata":{"stack":"TypeError: scraperService.processScrapeJob is not a function\n    at Worker.connection [as processFn] (C:\\Users\\Salomon KS\\Documents\\DEV VS CODE\\le-moissoneurV2\\backend\\worker.js:16:28)\n    at Worker.callProcessJob (C:\\Users\\Salomon KS\\Documents\\DEV VS CODE\\le-moissoneurV2\\backend\\node_modules\\bullmq\\dist\\cjs\\classes\\worker.js:141:21)\n    at C:\\Users\\Salomon KS\\Documents\\DEV VS CODE\\le-moissoneurV2\\backend\\node_modules\\bullmq\\dist\\cjs\\classes\\worker.js:526:43\n    at trace (C:\\Users\\Salomon KS\\Documents\\DEV VS CODE\\le-moissoneurV2\\backend\\node_modules\\bullmq\\dist\\cjs\\utils.js:258:16)\n    at Worker.trace (C:\\Users\\Salomon KS\\Documents\\DEV VS CODE\\le-moissoneurV2\\backend\\node_modules\\bullmq\\dist\\cjs\\classes\\queue-base.js:153:34)\n    at Worker.processJob (C:\\Users\\Salomon KS\\Documents\\DEV VS CODE\\le-moissoneurV2\\backend\\node_modules\\bullmq\\dist\\cjs\\classes\\worker.js:463:21)\n    at C:\\Users\\Salomon KS\\Documents\\DEV VS CODE\\le-moissoneurV2\\backend\\node_modules\\bullmq\\dist\\cjs\\classes\\worker.js:260:66\n    at Worker.retryIfFailed (C:\\Users\\Salomon KS\\Documents\\DEV VS CODE\\le-moissoneurV2\\backend\\node_modules\\bullmq\\dist\\cjs\\classes\\worker.js:751:30)\n    at Worker.mainLoop (C:\\Users\\Salomon KS\\Documents\\DEV VS CODE\\le-moissoneurV2\\backend\\node_modules\\bullmq\\dist\\cjs\\classes\\worker.js:260:41)\n    at process.processTicksAndRejections (node:internal/process/task_queues:95:5)"}},"timestamp":"2025-05-27 23:22:38:2238"}
{"level":"error","message":"Job scraper-15efdbb9-5253-492a-b561-5eeecaa50fb1-1748380958848 has failed with scraperService.processScrapeJob is not a function","metadata":{"metadata":{}},"timestamp":"2025-05-27 23:22:38:2238"}
{"level":"error","message":"Job scraper-15efdbb9-5253-492a-b561-5eeecaa50fb1-1748380958848 failed: scraperService.processScrapeJob is not a function","metadata":{"metadata":{"stack":"TypeError: scraperService.processScrapeJob is not a function\n    at Worker.connection [as processFn] (C:\\Users\\Salomon KS\\Documents\\DEV VS CODE\\le-moissoneurV2\\backend\\worker.js:16:28)\n    at Worker.callProcessJob (C:\\Users\\Salomon KS\\Documents\\DEV VS CODE\\le-moissoneurV2\\backend\\node_modules\\bullmq\\dist\\cjs\\classes\\worker.js:141:21)\n    at C:\\Users\\Salomon KS\\Documents\\DEV VS CODE\\le-moissoneurV2\\backend\\node_modules\\bullmq\\dist\\cjs\\classes\\worker.js:526:43\n    at trace (C:\\Users\\Salomon KS\\Documents\\DEV VS CODE\\le-moissoneurV2\\backend\\node_modules\\bullmq\\dist\\cjs\\utils.js:258:16)\n    at Worker.trace (C:\\Users\\Salomon KS\\Documents\\DEV VS CODE\\le-moissoneurV2\\backend\\node_modules\\bullmq\\dist\\cjs\\classes\\queue-base.js:153:34)\n    at Worker.processJob (C:\\Users\\Salomon KS\\Documents\\DEV VS CODE\\le-moissoneurV2\\backend\\node_modules\\bullmq\\dist\\cjs\\classes\\worker.js:463:21)\n    at C:\\Users\\Salomon KS\\Documents\\DEV VS CODE\\le-moissoneurV2\\backend\\node_modules\\bullmq\\dist\\cjs\\classes\\worker.js:260:66\n    at Worker.retryIfFailed (C:\\Users\\Salomon KS\\Documents\\DEV VS CODE\\le-moissoneurV2\\backend\\node_modules\\bullmq\\dist\\cjs\\classes\\worker.js:751:30)\n    at Worker.mainLoop (C:\\Users\\Salomon KS\\Documents\\DEV VS CODE\\le-moissoneurV2\\backend\\node_modules\\bullmq\\dist\\cjs\\classes\\worker.js:260:41)\n    at process.processTicksAndRejections (node:internal/process/task_queues:95:5)"}},"timestamp":"2025-05-27 23:22:39:2239"}
{"level":"error","message":"Job scraper-15efdbb9-5253-492a-b561-5eeecaa50fb1-1748380958848 has failed with scraperService.processScrapeJob is not a function","metadata":{"metadata":{}},"timestamp":"2025-05-27 23:22:39:2239"}
{"level":"error","message":"Job scraper-15efdbb9-5253-492a-b561-5eeecaa50fb1-1748380958848 failed: scraperService.processScrapeJob is not a function","metadata":{"metadata":{"stack":"TypeError: scraperService.processScrapeJob is not a function\n    at Worker.connection [as processFn] (C:\\Users\\Salomon KS\\Documents\\DEV VS CODE\\le-moissoneurV2\\backend\\worker.js:16:28)\n    at Worker.callProcessJob (C:\\Users\\Salomon KS\\Documents\\DEV VS CODE\\le-moissoneurV2\\backend\\node_modules\\bullmq\\dist\\cjs\\classes\\worker.js:141:21)\n    at C:\\Users\\Salomon KS\\Documents\\DEV VS CODE\\le-moissoneurV2\\backend\\node_modules\\bullmq\\dist\\cjs\\classes\\worker.js:526:43\n    at trace (C:\\Users\\Salomon KS\\Documents\\DEV VS CODE\\le-moissoneurV2\\backend\\node_modules\\bullmq\\dist\\cjs\\utils.js:258:16)\n    at Worker.trace (C:\\Users\\Salomon KS\\Documents\\DEV VS CODE\\le-moissoneurV2\\backend\\node_modules\\bullmq\\dist\\cjs\\classes\\queue-base.js:153:34)\n    at Worker.processJob (C:\\Users\\Salomon KS\\Documents\\DEV VS CODE\\le-moissoneurV2\\backend\\node_modules\\bullmq\\dist\\cjs\\classes\\worker.js:463:21)\n    at C:\\Users\\Salomon KS\\Documents\\DEV VS CODE\\le-moissoneurV2\\backend\\node_modules\\bullmq\\dist\\cjs\\classes\\worker.js:260:66\n    at Worker.retryIfFailed (C:\\Users\\Salomon KS\\Documents\\DEV VS CODE\\le-moissoneurV2\\backend\\node_modules\\bullmq\\dist\\cjs\\classes\\worker.js:751:30)\n    at Worker.mainLoop (C:\\Users\\Salomon KS\\Documents\\DEV VS CODE\\le-moissoneurV2\\backend\\node_modules\\bullmq\\dist\\cjs\\classes\\worker.js:260:41)\n    at process.processTicksAndRejections (node:internal/process/task_queues:95:5)"}},"timestamp":"2025-05-27 23:22:42:2242"}
{"level":"error","message":"Job scraper-15efdbb9-5253-492a-b561-5eeecaa50fb1-1748380958848 has failed with scraperService.processScrapeJob is not a function","metadata":{"metadata":{}},"timestamp":"2025-05-27 23:22:42:2242"}
{"level":"error","message":"Error creating alert: webSocketManager.emitAlert is not a function","metadata":{"metadata":{"stack":"TypeError: webSocketManager.emitAlert is not a function\n    at AlertingService.createAlert (C:\\Users\\Salomon KS\\Documents\\DEV VS CODE\\le-moissoneurV2\\backend\\src\\services\\alertingService.js:66:26)\n    at process.processTicksAndRejections (node:internal/process/task_queues:95:5)\n    at async handleError (C:\\Users\\Salomon KS\\Documents\\DEV VS CODE\\le-moissoneurV2\\backend\\src\\scrapers\\playwrightScraper.js:497:3)\n    at async playwrightScraper (C:\\Users\\Salomon KS\\Documents\\DEV VS CODE\\le-moissoneurV2\\backend\\src\\scrapers\\playwrightScraper.js:463:25)\n    at async C:\\Users\\Salomon KS\\Documents\\DEV VS CODE\\le-moissoneurV2\\backend\\src\\services\\scraperService.js:171:25\n    at async withRetry (C:\\Users\\Salomon KS\\Documents\\DEV VS CODE\\le-moissoneurV2\\backend\\src\\services\\scraperService.js:43:14)\n    at async Object.executeScraper (C:\\Users\\Salomon KS\\Documents\\DEV VS CODE\\le-moissoneurV2\\backend\\src\\services\\scraperService.js:150:5)\n    at async Worker.connection [as processFn] (C:\\Users\\Salomon KS\\Documents\\DEV VS CODE\\le-moissoneurV2\\backend\\worker.js:40:7)\n    at async C:\\Users\\Salomon KS\\Documents\\DEV VS CODE\\le-moissoneurV2\\backend\\node_modules\\bullmq\\dist\\cjs\\classes\\worker.js:526:32\n    at async Worker.retryIfFailed (C:\\Users\\Salomon KS\\Documents\\DEV VS CODE\\le-moissoneurV2\\backend\\node_modules\\bullmq\\dist\\cjs\\classes\\worker.js:751:24)"}},"timestamp":"2025-05-27 23:27:43:2743"}
{"level":"error","message":"Scraper 15efdbb9-5253-492a-b561-5eeecaa50fb1 error (attempt 1): scraperStatusHandler.updateStatus is not a function","metadata":{"metadata":{}},"timestamp":"2025-05-27 23:27:43:2743"}
{"level":"error","message":"Error executing scraper 15efdbb9-5253-492a-b561-5eeecaa50fb1: scraperStatusHandler.updateStatus is not a function","metadata":{"metadata":{}},"timestamp":"2025-05-27 23:27:43:2743"}
{"level":"error","message":"Job scraper-15efdbb9-5253-492a-b561-5eeecaa50fb1-1748381260528 failed: scraperStatusHandler.updateStatus is not a function","metadata":{"metadata":{"stack":"TypeError: scraperStatusHandler.updateStatus is not a function\n    at C:\\Users\\Salomon KS\\Documents\\DEV VS CODE\\le-moissoneurV2\\backend\\src\\services\\scraperService.js:187:32\n    at async withRetry (C:\\Users\\Salomon KS\\Documents\\DEV VS CODE\\le-moissoneurV2\\backend\\src\\services\\scraperService.js:43:14)\n    at async Object.executeScraper (C:\\Users\\Salomon KS\\Documents\\DEV VS CODE\\le-moissoneurV2\\backend\\src\\services\\scraperService.js:150:5)\n    at async Worker.connection [as processFn] (C:\\Users\\Salomon KS\\Documents\\DEV VS CODE\\le-moissoneurV2\\backend\\worker.js:40:7)\n    at async C:\\Users\\Salomon KS\\Documents\\DEV VS CODE\\le-moissoneurV2\\backend\\node_modules\\bullmq\\dist\\cjs\\classes\\worker.js:526:32\n    at async Worker.retryIfFailed (C:\\Users\\Salomon KS\\Documents\\DEV VS CODE\\le-moissoneurV2\\backend\\node_modules\\bullmq\\dist\\cjs\\classes\\worker.js:751:24)"}},"timestamp":"2025-05-27 23:27:44:2744"}
{"level":"error","message":"Job scraper-15efdbb9-5253-492a-b561-5eeecaa50fb1-1748381260528 has failed with scraperStatusHandler.updateStatus is not a function","metadata":{"metadata":{}},"timestamp":"2025-05-27 23:27:44:2744"}
{"level":"error","message":"Error creating alert: webSocketManager.emitAlert is not a function","metadata":{"metadata":{"stack":"TypeError: webSocketManager.emitAlert is not a function\n    at AlertingService.createAlert (C:\\Users\\Salomon KS\\Documents\\DEV VS CODE\\le-moissoneurV2\\backend\\src\\services\\alertingService.js:66:26)\n    at process.processTicksAndRejections (node:internal/process/task_queues:95:5)\n    at async handleError (C:\\Users\\Salomon KS\\Documents\\DEV VS CODE\\le-moissoneurV2\\backend\\src\\scrapers\\playwrightScraper.js:497:3)\n    at async playwrightScraper (C:\\Users\\Salomon KS\\Documents\\DEV VS CODE\\le-moissoneurV2\\backend\\src\\scrapers\\playwrightScraper.js:463:25)\n    at async C:\\Users\\Salomon KS\\Documents\\DEV VS CODE\\le-moissoneurV2\\backend\\src\\services\\scraperService.js:171:25\n    at async withRetry (C:\\Users\\Salomon KS\\Documents\\DEV VS CODE\\le-moissoneurV2\\backend\\src\\services\\scraperService.js:43:14)\n    at async Object.executeScraper (C:\\Users\\Salomon KS\\Documents\\DEV VS CODE\\le-moissoneurV2\\backend\\src\\services\\scraperService.js:150:5)\n    at async Worker.connection [as processFn] (C:\\Users\\Salomon KS\\Documents\\DEV VS CODE\\le-moissoneurV2\\backend\\worker.js:40:7)\n    at async C:\\Users\\Salomon KS\\Documents\\DEV VS CODE\\le-moissoneurV2\\backend\\node_modules\\bullmq\\dist\\cjs\\classes\\worker.js:526:32\n    at async Worker.retryIfFailed (C:\\Users\\Salomon KS\\Documents\\DEV VS CODE\\le-moissoneurV2\\backend\\node_modules\\bullmq\\dist\\cjs\\classes\\worker.js:751:24)"}},"timestamp":"2025-05-27 23:27:47:2747"}
{"level":"error","message":"Scraper 15efdbb9-5253-492a-b561-5eeecaa50fb1 error (attempt 1): scraperStatusHandler.updateStatus is not a function","metadata":{"metadata":{}},"timestamp":"2025-05-27 23:27:47:2747"}
{"level":"error","message":"Error executing scraper 15efdbb9-5253-492a-b561-5eeecaa50fb1: scraperStatusHandler.updateStatus is not a function","metadata":{"metadata":{}},"timestamp":"2025-05-27 23:27:48:2748"}
{"level":"error","message":"Job scraper-15efdbb9-5253-492a-b561-5eeecaa50fb1-1748381260528 failed: scraperStatusHandler.updateStatus is not a function","metadata":{"metadata":{"stack":"TypeError: scraperStatusHandler.updateStatus is not a function\n    at C:\\Users\\Salomon KS\\Documents\\DEV VS CODE\\le-moissoneurV2\\backend\\src\\services\\scraperService.js:187:32\n    at async withRetry (C:\\Users\\Salomon KS\\Documents\\DEV VS CODE\\le-moissoneurV2\\backend\\src\\services\\scraperService.js:43:14)\n    at async Object.executeScraper (C:\\Users\\Salomon KS\\Documents\\DEV VS CODE\\le-moissoneurV2\\backend\\src\\services\\scraperService.js:150:5)\n    at async Worker.connection [as processFn] (C:\\Users\\Salomon KS\\Documents\\DEV VS CODE\\le-moissoneurV2\\backend\\worker.js:40:7)\n    at async C:\\Users\\Salomon KS\\Documents\\DEV VS CODE\\le-moissoneurV2\\backend\\node_modules\\bullmq\\dist\\cjs\\classes\\worker.js:526:32\n    at async Worker.retryIfFailed (C:\\Users\\Salomon KS\\Documents\\DEV VS CODE\\le-moissoneurV2\\backend\\node_modules\\bullmq\\dist\\cjs\\classes\\worker.js:751:24)"}},"timestamp":"2025-05-27 23:27:50:2750"}
{"level":"error","message":"Job scraper-15efdbb9-5253-492a-b561-5eeecaa50fb1-1748381260528 has failed with scraperStatusHandler.updateStatus is not a function","metadata":{"metadata":{}},"timestamp":"2025-05-27 23:27:50:2750"}
{"level":"error","message":"Error creating alert: webSocketManager.emitAlert is not a function","metadata":{"metadata":{"stack":"TypeError: webSocketManager.emitAlert is not a function\n    at AlertingService.createAlert (C:\\Users\\Salomon KS\\Documents\\DEV VS CODE\\le-moissoneurV2\\backend\\src\\services\\alertingService.js:66:26)\n    at process.processTicksAndRejections (node:internal/process/task_queues:95:5)\n    at async handleError (C:\\Users\\Salomon KS\\Documents\\DEV VS CODE\\le-moissoneurV2\\backend\\src\\scrapers\\playwrightScraper.js:497:3)\n    at async playwrightScraper (C:\\Users\\Salomon KS\\Documents\\DEV VS CODE\\le-moissoneurV2\\backend\\src\\scrapers\\playwrightScraper.js:463:25)\n    at async C:\\Users\\Salomon KS\\Documents\\DEV VS CODE\\le-moissoneurV2\\backend\\src\\services\\scraperService.js:171:25\n    at async withRetry (C:\\Users\\Salomon KS\\Documents\\DEV VS CODE\\le-moissoneurV2\\backend\\src\\services\\scraperService.js:43:14)\n    at async Object.executeScraper (C:\\Users\\Salomon KS\\Documents\\DEV VS CODE\\le-moissoneurV2\\backend\\src\\services\\scraperService.js:150:5)\n    at async Worker.connection [as processFn] (C:\\Users\\Salomon KS\\Documents\\DEV VS CODE\\le-moissoneurV2\\backend\\worker.js:40:7)\n    at async C:\\Users\\Salomon KS\\Documents\\DEV VS CODE\\le-moissoneurV2\\backend\\node_modules\\bullmq\\dist\\cjs\\classes\\worker.js:526:32\n    at async Worker.retryIfFailed (C:\\Users\\Salomon KS\\Documents\\DEV VS CODE\\le-moissoneurV2\\backend\\node_modules\\bullmq\\dist\\cjs\\classes\\worker.js:751:24)"}},"timestamp":"2025-05-27 23:27:53:2753"}
{"level":"error","message":"Scraper 15efdbb9-5253-492a-b561-5eeecaa50fb1 error (attempt 1): scraperStatusHandler.updateStatus is not a function","metadata":{"metadata":{}},"timestamp":"2025-05-27 23:27:53:2753"}
{"level":"error","message":"Error executing scraper 15efdbb9-5253-492a-b561-5eeecaa50fb1: scraperStatusHandler.updateStatus is not a function","metadata":{"metadata":{}},"timestamp":"2025-05-27 23:27:54:2754"}
{"level":"error","message":"Job scraper-15efdbb9-5253-492a-b561-5eeecaa50fb1-1748381260528 failed: scraperStatusHandler.updateStatus is not a function","metadata":{"metadata":{"stack":"TypeError: scraperStatusHandler.updateStatus is not a function\n    at C:\\Users\\Salomon KS\\Documents\\DEV VS CODE\\le-moissoneurV2\\backend\\src\\services\\scraperService.js:187:32\n    at async withRetry (C:\\Users\\Salomon KS\\Documents\\DEV VS CODE\\le-moissoneurV2\\backend\\src\\services\\scraperService.js:43:14)\n    at async Object.executeScraper (C:\\Users\\Salomon KS\\Documents\\DEV VS CODE\\le-moissoneurV2\\backend\\src\\services\\scraperService.js:150:5)\n    at async Worker.connection [as processFn] (C:\\Users\\Salomon KS\\Documents\\DEV VS CODE\\le-moissoneurV2\\backend\\worker.js:40:7)\n    at async C:\\Users\\Salomon KS\\Documents\\DEV VS CODE\\le-moissoneurV2\\backend\\node_modules\\bullmq\\dist\\cjs\\classes\\worker.js:526:32\n    at async Worker.retryIfFailed (C:\\Users\\Salomon KS\\Documents\\DEV VS CODE\\le-moissoneurV2\\backend\\node_modules\\bullmq\\dist\\cjs\\classes\\worker.js:751:24)"}},"timestamp":"2025-05-27 23:27:56:2756"}
{"level":"error","message":"Job scraper-15efdbb9-5253-492a-b561-5eeecaa50fb1-1748381260528 has failed with scraperStatusHandler.updateStatus is not a function","metadata":{"metadata":{}},"timestamp":"2025-05-27 23:27:56:2756"}
{"level":"error","message":"Error creating alert: webSocketManager.emitAlert is not a function","metadata":{"metadata":{"stack":"TypeError: webSocketManager.emitAlert is not a function\n    at AlertingService.createAlert (C:\\Users\\Salomon KS\\Documents\\DEV VS CODE\\le-moissoneurV2\\backend\\src\\services\\alertingService.js:66:26)\n    at process.processTicksAndRejections (node:internal/process/task_queues:95:5)\n    at async handleError (C:\\Users\\Salomon KS\\Documents\\DEV VS CODE\\le-moissoneurV2\\backend\\src\\scrapers\\playwrightScraper.js:497:3)\n    at async playwrightScraper (C:\\Users\\Salomon KS\\Documents\\DEV VS CODE\\le-moissoneurV2\\backend\\src\\scrapers\\playwrightScraper.js:463:25)\n    at async C:\\Users\\Salomon KS\\Documents\\DEV VS CODE\\le-moissoneurV2\\backend\\src\\services\\scraperService.js:171:25\n    at async withRetry (C:\\Users\\Salomon KS\\Documents\\DEV VS CODE\\le-moissoneurV2\\backend\\src\\services\\scraperService.js:43:14)\n    at async Object.executeScraper (C:\\Users\\Salomon KS\\Documents\\DEV VS CODE\\le-moissoneurV2\\backend\\src\\services\\scraperService.js:150:5)\n    at async Worker.connection [as processFn] (C:\\Users\\Salomon KS\\Documents\\DEV VS CODE\\le-moissoneurV2\\backend\\worker.js:40:7)\n    at async C:\\Users\\Salomon KS\\Documents\\DEV VS CODE\\le-moissoneurV2\\backend\\node_modules\\bullmq\\dist\\cjs\\classes\\worker.js:526:32\n    at async Worker.retryIfFailed (C:\\Users\\Salomon KS\\Documents\\DEV VS CODE\\le-moissoneurV2\\backend\\node_modules\\bullmq\\dist\\cjs\\classes\\worker.js:751:24)"}},"timestamp":"2025-05-27 23:31:53:3153"}
{"level":"error","message":"Scraper 15efdbb9-5253-492a-b561-5eeecaa50fb1 error (attempt 1): scraperStatusHandler.updateStatus is not a function","metadata":{"metadata":{}},"timestamp":"2025-05-27 23:31:53:3153"}
{"level":"error","message":"Socket.IO not initialized","metadata":{"metadata":{}},"timestamp":"2025-05-27 23:31:53:3153"}
{"level":"error","message":"Puppeteer scraper failed: scraperStatusHandler.updateStatus is not a function. Stack: TypeError: scraperStatusHandler.updateStatus is not a function\n    at puppeteerScraper (C:\\Users\\Salomon KS\\Documents\\DEV VS CODE\\le-moissoneurV2\\backend\\src\\scrapers\\puppeteerScraper.js:57:26)\n    at async C:\\Users\\Salomon KS\\Documents\\DEV VS CODE\\le-moissoneurV2\\backend\\src\\services\\scraperService.js:196:25\n    at async withRetry (C:\\Users\\Salomon KS\\Documents\\DEV VS CODE\\le-moissoneurV2\\backend\\src\\services\\scraperService.js:43:14)\n    at async Object.executeScraper (C:\\Users\\Salomon KS\\Documents\\DEV VS CODE\\le-moissoneurV2\\backend\\src\\services\\scraperService.js:150:5)\n    at async Worker.connection [as processFn] (C:\\Users\\Salomon KS\\Documents\\DEV VS CODE\\le-moissoneurV2\\backend\\worker.js:40:7)\n    at async C:\\Users\\Salomon KS\\Documents\\DEV VS CODE\\le-moissoneurV2\\backend\\node_modules\\bullmq\\dist\\cjs\\classes\\worker.js:526:32\n    at async Worker.retryIfFailed (C:\\Users\\Salomon KS\\Documents\\DEV VS CODE\\le-moissoneurV2\\backend\\node_modules\\bullmq\\dist\\cjs\\classes\\worker.js:751:24)","metadata":{"metadata":{}},"timestamp":"2025-05-27 23:31:56:3156"}
{"level":"error","message":"Error executing scraper 15efdbb9-5253-492a-b561-5eeecaa50fb1: scraperStatusHandler.updateStatus is not a function","metadata":{"metadata":{}},"timestamp":"2025-05-27 23:31:57:3157"}
{"level":"error","message":"Job scraper-15efdbb9-5253-492a-b561-5eeecaa50fb1-1748381512283 failed: scraperStatusHandler.updateStatus is not a function","metadata":{"metadata":{"stack":"TypeError: scraperStatusHandler.updateStatus is not a function\n    at puppeteerScraper (C:\\Users\\Salomon KS\\Documents\\DEV VS CODE\\le-moissoneurV2\\backend\\src\\scrapers\\puppeteerScraper.js:204:26)\n    at async C:\\Users\\Salomon KS\\Documents\\DEV VS CODE\\le-moissoneurV2\\backend\\src\\services\\scraperService.js:196:25\n    at async withRetry (C:\\Users\\Salomon KS\\Documents\\DEV VS CODE\\le-moissoneurV2\\backend\\src\\services\\scraperService.js:43:14)\n    at async Object.executeScraper (C:\\Users\\Salomon KS\\Documents\\DEV VS CODE\\le-moissoneurV2\\backend\\src\\services\\scraperService.js:150:5)\n    at async Worker.connection [as processFn] (C:\\Users\\Salomon KS\\Documents\\DEV VS CODE\\le-moissoneurV2\\backend\\worker.js:40:7)\n    at async C:\\Users\\Salomon KS\\Documents\\DEV VS CODE\\le-moissoneurV2\\backend\\node_modules\\bullmq\\dist\\cjs\\classes\\worker.js:526:32\n    at async Worker.retryIfFailed (C:\\Users\\Salomon KS\\Documents\\DEV VS CODE\\le-moissoneurV2\\backend\\node_modules\\bullmq\\dist\\cjs\\classes\\worker.js:751:24)"}},"timestamp":"2025-05-27 23:31:57:3157"}
{"level":"error","message":"Job scraper-15efdbb9-5253-492a-b561-5eeecaa50fb1-1748381512283 has failed with scraperStatusHandler.updateStatus is not a function","metadata":{"metadata":{}},"timestamp":"2025-05-27 23:31:57:3157"}
{"level":"error","message":"Error creating alert: webSocketManager.emitAlert is not a function","metadata":{"metadata":{"stack":"TypeError: webSocketManager.emitAlert is not a function\n    at AlertingService.createAlert (C:\\Users\\Salomon KS\\Documents\\DEV VS CODE\\le-moissoneurV2\\backend\\src\\services\\alertingService.js:66:26)\n    at process.processTicksAndRejections (node:internal/process/task_queues:95:5)\n    at async handleError (C:\\Users\\Salomon KS\\Documents\\DEV VS CODE\\le-moissoneurV2\\backend\\src\\scrapers\\playwrightScraper.js:497:3)\n    at async playwrightScraper (C:\\Users\\Salomon KS\\Documents\\DEV VS CODE\\le-moissoneurV2\\backend\\src\\scrapers\\playwrightScraper.js:463:25)\n    at async C:\\Users\\Salomon KS\\Documents\\DEV VS CODE\\le-moissoneurV2\\backend\\src\\services\\scraperService.js:171:25\n    at async withRetry (C:\\Users\\Salomon KS\\Documents\\DEV VS CODE\\le-moissoneurV2\\backend\\src\\services\\scraperService.js:43:14)\n    at async Object.executeScraper (C:\\Users\\Salomon KS\\Documents\\DEV VS CODE\\le-moissoneurV2\\backend\\src\\services\\scraperService.js:150:5)\n    at async Worker.connection [as processFn] (C:\\Users\\Salomon KS\\Documents\\DEV VS CODE\\le-moissoneurV2\\backend\\worker.js:40:7)\n    at async C:\\Users\\Salomon KS\\Documents\\DEV VS CODE\\le-moissoneurV2\\backend\\node_modules\\bullmq\\dist\\cjs\\classes\\worker.js:526:32\n    at async Worker.retryIfFailed (C:\\Users\\Salomon KS\\Documents\\DEV VS CODE\\le-moissoneurV2\\backend\\node_modules\\bullmq\\dist\\cjs\\classes\\worker.js:751:24)"}},"timestamp":"2025-05-27 23:32:00:320"}
{"level":"error","message":"Scraper 15efdbb9-5253-492a-b561-5eeecaa50fb1 error (attempt 1): scraperStatusHandler.updateStatus is not a function","metadata":{"metadata":{}},"timestamp":"2025-05-27 23:32:00:320"}
{"level":"error","message":"Socket.IO not initialized","metadata":{"metadata":{}},"timestamp":"2025-05-27 23:32:01:321"}
{"level":"error","message":"Puppeteer scraper failed: scraperStatusHandler.updateStatus is not a function. Stack: TypeError: scraperStatusHandler.updateStatus is not a function\n    at puppeteerScraper (C:\\Users\\Salomon KS\\Documents\\DEV VS CODE\\le-moissoneurV2\\backend\\src\\scrapers\\puppeteerScraper.js:57:26)\n    at async C:\\Users\\Salomon KS\\Documents\\DEV VS CODE\\le-moissoneurV2\\backend\\src\\services\\scraperService.js:196:25\n    at async withRetry (C:\\Users\\Salomon KS\\Documents\\DEV VS CODE\\le-moissoneurV2\\backend\\src\\services\\scraperService.js:43:14)\n    at async Object.executeScraper (C:\\Users\\Salomon KS\\Documents\\DEV VS CODE\\le-moissoneurV2\\backend\\src\\services\\scraperService.js:150:5)\n    at async Worker.connection [as processFn] (C:\\Users\\Salomon KS\\Documents\\DEV VS CODE\\le-moissoneurV2\\backend\\worker.js:40:7)\n    at async C:\\Users\\Salomon KS\\Documents\\DEV VS CODE\\le-moissoneurV2\\backend\\node_modules\\bullmq\\dist\\cjs\\classes\\worker.js:526:32\n    at async Worker.retryIfFailed (C:\\Users\\Salomon KS\\Documents\\DEV VS CODE\\le-moissoneurV2\\backend\\node_modules\\bullmq\\dist\\cjs\\classes\\worker.js:751:24)","metadata":{"metadata":{}},"timestamp":"2025-05-27 23:32:01:321"}
{"level":"error","message":"Error executing scraper 15efdbb9-5253-492a-b561-5eeecaa50fb1: scraperStatusHandler.updateStatus is not a function","metadata":{"metadata":{}},"timestamp":"2025-05-27 23:32:02:322"}
{"level":"error","message":"Job scraper-15efdbb9-5253-492a-b561-5eeecaa50fb1-1748381512283 failed: scraperStatusHandler.updateStatus is not a function","metadata":{"metadata":{"stack":"TypeError: scraperStatusHandler.updateStatus is not a function\n    at puppeteerScraper (C:\\Users\\Salomon KS\\Documents\\DEV VS CODE\\le-moissoneurV2\\backend\\src\\scrapers\\puppeteerScraper.js:204:26)\n    at async C:\\Users\\Salomon KS\\Documents\\DEV VS CODE\\le-moissoneurV2\\backend\\src\\services\\scraperService.js:196:25\n    at async withRetry (C:\\Users\\Salomon KS\\Documents\\DEV VS CODE\\le-moissoneurV2\\backend\\src\\services\\scraperService.js:43:14)\n    at async Object.executeScraper (C:\\Users\\Salomon KS\\Documents\\DEV VS CODE\\le-moissoneurV2\\backend\\src\\services\\scraperService.js:150:5)\n    at async Worker.connection [as processFn] (C:\\Users\\Salomon KS\\Documents\\DEV VS CODE\\le-moissoneurV2\\backend\\worker.js:40:7)\n    at async C:\\Users\\Salomon KS\\Documents\\DEV VS CODE\\le-moissoneurV2\\backend\\node_modules\\bullmq\\dist\\cjs\\classes\\worker.js:526:32\n    at async Worker.retryIfFailed (C:\\Users\\Salomon KS\\Documents\\DEV VS CODE\\le-moissoneurV2\\backend\\node_modules\\bullmq\\dist\\cjs\\classes\\worker.js:751:24)"}},"timestamp":"2025-05-27 23:32:03:323"}
{"level":"error","message":"Job scraper-15efdbb9-5253-492a-b561-5eeecaa50fb1-1748381512283 has failed with scraperStatusHandler.updateStatus is not a function","metadata":{"metadata":{}},"timestamp":"2025-05-27 23:32:03:323"}
{"level":"error","message":"Error creating alert: webSocketManager.emitAlert is not a function","metadata":{"metadata":{"stack":"TypeError: webSocketManager.emitAlert is not a function\n    at AlertingService.createAlert (C:\\Users\\Salomon KS\\Documents\\DEV VS CODE\\le-moissoneurV2\\backend\\src\\services\\alertingService.js:66:26)\n    at process.processTicksAndRejections (node:internal/process/task_queues:95:5)\n    at async handleError (C:\\Users\\Salomon KS\\Documents\\DEV VS CODE\\le-moissoneurV2\\backend\\src\\scrapers\\playwrightScraper.js:497:3)\n    at async playwrightScraper (C:\\Users\\Salomon KS\\Documents\\DEV VS CODE\\le-moissoneurV2\\backend\\src\\scrapers\\playwrightScraper.js:463:25)\n    at async C:\\Users\\Salomon KS\\Documents\\DEV VS CODE\\le-moissoneurV2\\backend\\src\\services\\scraperService.js:171:25\n    at async withRetry (C:\\Users\\Salomon KS\\Documents\\DEV VS CODE\\le-moissoneurV2\\backend\\src\\services\\scraperService.js:43:14)\n    at async Object.executeScraper (C:\\Users\\Salomon KS\\Documents\\DEV VS CODE\\le-moissoneurV2\\backend\\src\\services\\scraperService.js:150:5)\n    at async Worker.connection [as processFn] (C:\\Users\\Salomon KS\\Documents\\DEV VS CODE\\le-moissoneurV2\\backend\\worker.js:40:7)\n    at async C:\\Users\\Salomon KS\\Documents\\DEV VS CODE\\le-moissoneurV2\\backend\\node_modules\\bullmq\\dist\\cjs\\classes\\worker.js:526:32\n    at async Worker.retryIfFailed (C:\\Users\\Salomon KS\\Documents\\DEV VS CODE\\le-moissoneurV2\\backend\\node_modules\\bullmq\\dist\\cjs\\classes\\worker.js:751:24)"}},"timestamp":"2025-05-27 23:32:06:326"}
{"level":"error","message":"Scraper 15efdbb9-5253-492a-b561-5eeecaa50fb1 error (attempt 1): scraperStatusHandler.updateStatus is not a function","metadata":{"metadata":{}},"timestamp":"2025-05-27 23:32:06:326"}
{"level":"error","message":"Socket.IO not initialized","metadata":{"metadata":{}},"timestamp":"2025-05-27 23:32:07:327"}
{"level":"error","message":"Puppeteer scraper failed: scraperStatusHandler.updateStatus is not a function. Stack: TypeError: scraperStatusHandler.updateStatus is not a function\n    at puppeteerScraper (C:\\Users\\Salomon KS\\Documents\\DEV VS CODE\\le-moissoneurV2\\backend\\src\\scrapers\\puppeteerScraper.js:57:26)\n    at async C:\\Users\\Salomon KS\\Documents\\DEV VS CODE\\le-moissoneurV2\\backend\\src\\services\\scraperService.js:196:25\n    at async withRetry (C:\\Users\\Salomon KS\\Documents\\DEV VS CODE\\le-moissoneurV2\\backend\\src\\services\\scraperService.js:43:14)\n    at async Object.executeScraper (C:\\Users\\Salomon KS\\Documents\\DEV VS CODE\\le-moissoneurV2\\backend\\src\\services\\scraperService.js:150:5)\n    at async Worker.connection [as processFn] (C:\\Users\\Salomon KS\\Documents\\DEV VS CODE\\le-moissoneurV2\\backend\\worker.js:40:7)\n    at async C:\\Users\\Salomon KS\\Documents\\DEV VS CODE\\le-moissoneurV2\\backend\\node_modules\\bullmq\\dist\\cjs\\classes\\worker.js:526:32\n    at async Worker.retryIfFailed (C:\\Users\\Salomon KS\\Documents\\DEV VS CODE\\le-moissoneurV2\\backend\\node_modules\\bullmq\\dist\\cjs\\classes\\worker.js:751:24)","metadata":{"metadata":{}},"timestamp":"2025-05-27 23:32:07:327"}
{"level":"error","message":"Error executing scraper 15efdbb9-5253-492a-b561-5eeecaa50fb1: scraperStatusHandler.updateStatus is not a function","metadata":{"metadata":{}},"timestamp":"2025-05-27 23:32:08:328"}
{"level":"error","message":"Job scraper-15efdbb9-5253-492a-b561-5eeecaa50fb1-1748381512283 failed: scraperStatusHandler.updateStatus is not a function","metadata":{"metadata":{"stack":"TypeError: scraperStatusHandler.updateStatus is not a function\n    at puppeteerScraper (C:\\Users\\Salomon KS\\Documents\\DEV VS CODE\\le-moissoneurV2\\backend\\src\\scrapers\\puppeteerScraper.js:204:26)\n    at async C:\\Users\\Salomon KS\\Documents\\DEV VS CODE\\le-moissoneurV2\\backend\\src\\services\\scraperService.js:196:25\n    at async withRetry (C:\\Users\\Salomon KS\\Documents\\DEV VS CODE\\le-moissoneurV2\\backend\\src\\services\\scraperService.js:43:14)\n    at async Object.executeScraper (C:\\Users\\Salomon KS\\Documents\\DEV VS CODE\\le-moissoneurV2\\backend\\src\\services\\scraperService.js:150:5)\n    at async Worker.connection [as processFn] (C:\\Users\\Salomon KS\\Documents\\DEV VS CODE\\le-moissoneurV2\\backend\\worker.js:40:7)\n    at async C:\\Users\\Salomon KS\\Documents\\DEV VS CODE\\le-moissoneurV2\\backend\\node_modules\\bullmq\\dist\\cjs\\classes\\worker.js:526:32\n    at async Worker.retryIfFailed (C:\\Users\\Salomon KS\\Documents\\DEV VS CODE\\le-moissoneurV2\\backend\\node_modules\\bullmq\\dist\\cjs\\classes\\worker.js:751:24)"}},"timestamp":"2025-05-27 23:32:09:329"}
{"level":"error","message":"Job scraper-15efdbb9-5253-492a-b561-5eeecaa50fb1-1748381512283 has failed with scraperStatusHandler.updateStatus is not a function","metadata":{"metadata":{}},"timestamp":"2025-05-27 23:32:09:329"}
{"level":"error","message":"Socket.IO not initialized","metadata":{"metadata":{}},"timestamp":"2025-05-27 23:37:44:3744"}
{"level":"error","message":"Socket.IO not initialized","metadata":{"metadata":{}},"timestamp":"2025-05-27 23:37:44:3744"}
{"level":"error","message":"Socket.IO not initialized","metadata":{"metadata":{}},"timestamp":"2025-05-27 23:37:45:3745"}
{"level":"error","message":"Scraper 15efdbb9-5253-492a-b561-5eeecaa50fb1 error (attempt 1): page.evaluate: TypeError: config.main.selectors is not iterable\n    at eval (eval at evaluate (:313:29), <anonymous>:47:50)\n    at UtilityScript.evaluate (<anonymous>:315:16)\n    at UtilityScript.<anonymous> (<anonymous>:1:44)","metadata":{"metadata":{}},"timestamp":"2025-05-27 23:37:46:3746"}
{"level":"error","message":"Socket.IO not initialized","metadata":{"metadata":{}},"timestamp":"2025-05-27 23:37:46:3746"}
{"level":"error","message":"Scraper 15efdbb9-5253-492a-b561-5eeecaa50fb1 error (attempt 1): page.evaluate: TypeError: config.main.selectors is not iterable\n    at eval (eval at evaluate (:313:29), <anonymous>:47:50)\n    at UtilityScript.evaluate (<anonymous>:315:16)\n    at UtilityScript.<anonymous> (<anonymous>:1:44)","metadata":{"metadata":{}},"timestamp":"2025-05-27 23:37:46:3746"}
{"level":"error","message":"Socket.IO not initialized","metadata":{"metadata":{}},"timestamp":"2025-05-27 23:37:46:3746"}
{"level":"error","message":"Playwright scraper final failure for 15efdbb9-5253-492a-b561-5eeecaa50fb1 after 0 retries: page.evaluate: TypeError: config.main.selectors is not iterable\n    at eval (eval at evaluate (:313:29), <anonymous>:47:50)\n    at UtilityScript.evaluate (<anonymous>:315:16)\n    at UtilityScript.<anonymous> (<anonymous>:1:44)","metadata":{"metadata":{}},"timestamp":"2025-05-27 23:37:46:3746"}
{"level":"error","message":"Socket.IO not initialized","metadata":{"metadata":{}},"timestamp":"2025-05-27 23:37:46:3746"}
{"level":"error","message":"Socket.IO not initialized","metadata":{"metadata":{}},"timestamp":"2025-05-27 23:37:47:3747"}
{"level":"error","message":"Socket.IO not initialized","metadata":{"metadata":{}},"timestamp":"2025-05-27 23:37:47:3747"}
{"level":"error","message":"Socket.IO not initialized","metadata":{"metadata":{}},"timestamp":"2025-05-27 23:37:48:3748"}
{"level":"error","message":"Socket.IO not initialized","metadata":{"metadata":{}},"timestamp":"2025-05-27 23:37:48:3748"}
{"level":"error","message":"Puppeteer scraper failed: Cannot read properties of undefined (reading 'substring'). Stack: TypeError: Cannot read properties of undefined (reading 'substring')\n    at puppeteerScraper (C:\\Users\\Salomon KS\\Documents\\DEV VS CODE\\le-moissoneurV2\\backend\\src\\scrapers\\puppeteerScraper.js:76:157)\n    at async C:\\Users\\Salomon KS\\Documents\\DEV VS CODE\\le-moissoneurV2\\backend\\src\\services\\scraperService.js:196:25\n    at async withRetry (C:\\Users\\Salomon KS\\Documents\\DEV VS CODE\\le-moissoneurV2\\backend\\src\\services\\scraperService.js:43:14)\n    at async Object.executeScraper (C:\\Users\\Salomon KS\\Documents\\DEV VS CODE\\le-moissoneurV2\\backend\\src\\services\\scraperService.js:150:5)\n    at async Worker.connection [as processFn] (C:\\Users\\Salomon KS\\Documents\\DEV VS CODE\\le-moissoneurV2\\backend\\worker.js:40:7)\n    at async C:\\Users\\Salomon KS\\Documents\\DEV VS CODE\\le-moissoneurV2\\backend\\node_modules\\bullmq\\dist\\cjs\\classes\\worker.js:526:32\n    at async Worker.retryIfFailed (C:\\Users\\Salomon KS\\Documents\\DEV VS CODE\\le-moissoneurV2\\backend\\node_modules\\bullmq\\dist\\cjs\\classes\\worker.js:751:24)","metadata":{"metadata":{}},"timestamp":"2025-05-27 23:37:48:3748"}
{"level":"error","message":"Socket.IO not initialized","metadata":{"metadata":{}},"timestamp":"2025-05-27 23:37:48:3748"}
{"level":"error","message":"Error fetching scraper with ID shared: invalid input syntax for type uuid: \"shared\"","metadata":{"metadata":{}},"timestamp":"2025-05-28 02:06:26:626"}
{"level":"error","message":"Error fetching scraper with ID configs: invalid input syntax for type uuid: \"configs\"","metadata":{"metadata":{}},"timestamp":"2025-05-28 02:06:32:632"}
{"level":"error","message":"Error fetching scraper with ID shared: invalid input syntax for type uuid: \"shared\"","metadata":{"metadata":{}},"timestamp":"2025-05-28 02:06:47:647"}
{"level":"error","message":"Socket.IO not initialized","metadata":{"metadata":{}},"timestamp":"2025-05-28 02:15:35:1535"}
{"level":"error","message":"Socket.IO not initialized","metadata":{"metadata":{}},"timestamp":"2025-05-28 02:15:36:1536"}
{"level":"error","message":"Socket.IO not initialized","metadata":{"metadata":{}},"timestamp":"2025-05-28 02:15:37:1537"}
{"level":"error","message":"Scraper 15efdbb9-5253-492a-b561-5eeecaa50fb1 error (attempt 1): page.evaluate: TypeError: config.main.selectors is not iterable\n    at eval (eval at evaluate (:313:29), <anonymous>:47:50)\n    at UtilityScript.evaluate (<anonymous>:315:16)\n    at UtilityScript.<anonymous> (<anonymous>:1:44)","metadata":{"metadata":{}},"timestamp":"2025-05-28 02:15:37:1537"}
{"level":"error","message":"Socket.IO not initialized","metadata":{"metadata":{}},"timestamp":"2025-05-28 02:15:37:1537"}
{"level":"error","message":"Scraper 15efdbb9-5253-492a-b561-5eeecaa50fb1 error (attempt 1): page.evaluate: TypeError: config.main.selectors is not iterable\n    at eval (eval at evaluate (:313:29), <anonymous>:47:50)\n    at UtilityScript.evaluate (<anonymous>:315:16)\n    at UtilityScript.<anonymous> (<anonymous>:1:44)","metadata":{"metadata":{}},"timestamp":"2025-05-28 02:15:38:1538"}
{"level":"error","message":"Socket.IO not initialized","metadata":{"metadata":{}},"timestamp":"2025-05-28 02:15:38:1538"}
{"level":"error","message":"Playwright scraper final failure for 15efdbb9-5253-492a-b561-5eeecaa50fb1 after 0 retries: page.evaluate: TypeError: config.main.selectors is not iterable\n    at eval (eval at evaluate (:313:29), <anonymous>:47:50)\n    at UtilityScript.evaluate (<anonymous>:315:16)\n    at UtilityScript.<anonymous> (<anonymous>:1:44)","metadata":{"metadata":{}},"timestamp":"2025-05-28 02:15:38:1538"}
{"level":"error","message":"Socket.IO not initialized","metadata":{"metadata":{}},"timestamp":"2025-05-28 02:15:38:1538"}
{"level":"error","message":"Socket.IO not initialized","metadata":{"metadata":{}},"timestamp":"2025-05-28 02:15:41:1541"}
{"level":"error","message":"Socket.IO not initialized","metadata":{"metadata":{}},"timestamp":"2025-05-28 02:15:41:1541"}
{"level":"error","message":"Socket.IO not initialized","metadata":{"metadata":{}},"timestamp":"2025-05-28 02:15:42:1542"}
{"level":"error","message":"Socket.IO not initialized","metadata":{"metadata":{}},"timestamp":"2025-05-28 02:15:43:1543"}
{"level":"error","message":"Puppeteer scraper failed: Cannot read properties of undefined (reading 'substring'). Stack: TypeError: Cannot read properties of undefined (reading 'substring')\n    at puppeteerScraper (C:\\Users\\Salomon KS\\Documents\\DEV VS CODE\\le-moissoneurV2\\backend\\src\\scrapers\\puppeteerScraper.js:76:157)\n    at async C:\\Users\\Salomon KS\\Documents\\DEV VS CODE\\le-moissoneurV2\\backend\\src\\services\\scraperService.js:196:25\n    at async withRetry (C:\\Users\\Salomon KS\\Documents\\DEV VS CODE\\le-moissoneurV2\\backend\\src\\services\\scraperService.js:43:14)\n    at async Object.executeScraper (C:\\Users\\Salomon KS\\Documents\\DEV VS CODE\\le-moissoneurV2\\backend\\src\\services\\scraperService.js:150:5)\n    at async Worker.connection [as processFn] (C:\\Users\\Salomon KS\\Documents\\DEV VS CODE\\le-moissoneurV2\\backend\\worker.js:40:7)\n    at async C:\\Users\\Salomon KS\\Documents\\DEV VS CODE\\le-moissoneurV2\\backend\\node_modules\\bullmq\\dist\\cjs\\classes\\worker.js:526:32\n    at async Worker.retryIfFailed (C:\\Users\\Salomon KS\\Documents\\DEV VS CODE\\le-moissoneurV2\\backend\\node_modules\\bullmq\\dist\\cjs\\classes\\worker.js:751:24)","metadata":{"metadata":{}},"timestamp":"2025-05-28 02:15:43:1543"}
{"level":"error","message":"Socket.IO not initialized","metadata":{"metadata":{}},"timestamp":"2025-05-28 02:15:43:1543"}
{"level":"error","message":"Socket.IO not initialized","metadata":{"metadata":{}},"timestamp":"2025-05-28 10:34:53:3453"}
{"level":"error","message":"Socket.IO not initialized","metadata":{"metadata":{}},"timestamp":"2025-05-28 10:34:54:3454"}
{"level":"error","message":"Socket.IO not initialized","metadata":{"metadata":{}},"timestamp":"2025-05-28 10:34:55:3455"}
{"level":"error","message":"Scraper 15efdbb9-5253-492a-b561-5eeecaa50fb1 error (attempt 1): page.evaluate: TypeError: config.main.selectors is not iterable\n    at eval (eval at evaluate (:313:29), <anonymous>:47:50)\n    at UtilityScript.evaluate (<anonymous>:315:16)\n    at UtilityScript.<anonymous> (<anonymous>:1:44)","metadata":{"metadata":{}},"timestamp":"2025-05-28 10:34:55:3455"}
{"level":"error","message":"Socket.IO not initialized","metadata":{"metadata":{}},"timestamp":"2025-05-28 10:34:55:3455"}
{"level":"error","message":"Scraper 15efdbb9-5253-492a-b561-5eeecaa50fb1 error (attempt 1): page.evaluate: TypeError: config.main.selectors is not iterable\n    at eval (eval at evaluate (:313:29), <anonymous>:47:50)\n    at UtilityScript.evaluate (<anonymous>:315:16)\n    at UtilityScript.<anonymous> (<anonymous>:1:44)","metadata":{"metadata":{}},"timestamp":"2025-05-28 10:34:55:3455"}
{"level":"error","message":"Socket.IO not initialized","metadata":{"metadata":{}},"timestamp":"2025-05-28 10:34:55:3455"}
{"level":"error","message":"Playwright scraper final failure for 15efdbb9-5253-492a-b561-5eeecaa50fb1 after 0 retries: page.evaluate: TypeError: config.main.selectors is not iterable\n    at eval (eval at evaluate (:313:29), <anonymous>:47:50)\n    at UtilityScript.evaluate (<anonymous>:315:16)\n    at UtilityScript.<anonymous> (<anonymous>:1:44)","metadata":{"metadata":{}},"timestamp":"2025-05-28 10:34:55:3455"}
{"level":"error","message":"Socket.IO not initialized","metadata":{"metadata":{}},"timestamp":"2025-05-28 10:34:56:3456"}
{"level":"error","message":"Socket.IO not initialized","metadata":{"metadata":{}},"timestamp":"2025-05-28 10:34:59:3459"}
{"level":"error","message":"Socket.IO not initialized","metadata":{"metadata":{}},"timestamp":"2025-05-28 10:34:59:3459"}
{"level":"error","message":"Socket.IO not initialized","metadata":{"metadata":{}},"timestamp":"2025-05-28 10:35:00:350"}
{"level":"error","message":"Socket.IO not initialized","metadata":{"metadata":{}},"timestamp":"2025-05-28 10:35:00:350"}
{"level":"error","message":"Puppeteer scraper failed: Cannot read properties of undefined (reading 'substring'). Stack: TypeError: Cannot read properties of undefined (reading 'substring')\n    at puppeteerScraper (C:\\Users\\Salomon KS\\Documents\\DEV VS CODE\\le-moissoneurV2\\backend\\src\\scrapers\\puppeteerScraper.js:76:157)\n    at async C:\\Users\\Salomon KS\\Documents\\DEV VS CODE\\le-moissoneurV2\\backend\\src\\services\\scraperService.js:196:25\n    at async withRetry (C:\\Users\\Salomon KS\\Documents\\DEV VS CODE\\le-moissoneurV2\\backend\\src\\services\\scraperService.js:43:14)\n    at async Object.executeScraper (C:\\Users\\Salomon KS\\Documents\\DEV VS CODE\\le-moissoneurV2\\backend\\src\\services\\scraperService.js:150:5)\n    at async Worker.connection [as processFn] (C:\\Users\\Salomon KS\\Documents\\DEV VS CODE\\le-moissoneurV2\\backend\\worker.js:40:7)\n    at async C:\\Users\\Salomon KS\\Documents\\DEV VS CODE\\le-moissoneurV2\\backend\\node_modules\\bullmq\\dist\\cjs\\classes\\worker.js:526:32\n    at async Worker.retryIfFailed (C:\\Users\\Salomon KS\\Documents\\DEV VS CODE\\le-moissoneurV2\\backend\\node_modules\\bullmq\\dist\\cjs\\classes\\worker.js:751:24)","metadata":{"metadata":{}},"timestamp":"2025-05-28 10:35:00:350"}
{"level":"error","message":"Socket.IO not initialized","metadata":{"metadata":{}},"timestamp":"2025-05-28 10:35:00:350"}
{"level":"error","message":"Socket.IO not initialized","metadata":{"metadata":{}},"timestamp":"2025-05-28 10:53:57:5357"}
{"level":"error","message":"Socket.IO not initialized","metadata":{"metadata":{}},"timestamp":"2025-05-28 10:53:57:5357"}
{"level":"error","message":"Socket.IO not initialized","metadata":{"metadata":{}},"timestamp":"2025-05-28 10:53:58:5358"}
{"level":"error","message":"Scraper 15efdbb9-5253-492a-b561-5eeecaa50fb1 error (attempt 1): page.evaluate: TypeError: config.main.selectors is not iterable\n    at eval (eval at evaluate (:313:29), <anonymous>:47:50)\n    at UtilityScript.evaluate (<anonymous>:315:16)\n    at UtilityScript.<anonymous> (<anonymous>:1:44)","metadata":{"metadata":{}},"timestamp":"2025-05-28 10:53:59:5359"}
{"level":"error","message":"Socket.IO not initialized","metadata":{"metadata":{}},"timestamp":"2025-05-28 10:53:59:5359"}
{"level":"error","message":"Scraper 15efdbb9-5253-492a-b561-5eeecaa50fb1 error (attempt 1): page.evaluate: TypeError: config.main.selectors is not iterable\n    at eval (eval at evaluate (:313:29), <anonymous>:47:50)\n    at UtilityScript.evaluate (<anonymous>:315:16)\n    at UtilityScript.<anonymous> (<anonymous>:1:44)","metadata":{"metadata":{}},"timestamp":"2025-05-28 10:53:59:5359"}
{"level":"error","message":"Socket.IO not initialized","metadata":{"metadata":{}},"timestamp":"2025-05-28 10:53:59:5359"}
{"level":"error","message":"Playwright scraper final failure for 15efdbb9-5253-492a-b561-5eeecaa50fb1 after 0 retries: page.evaluate: TypeError: config.main.selectors is not iterable\n    at eval (eval at evaluate (:313:29), <anonymous>:47:50)\n    at UtilityScript.evaluate (<anonymous>:315:16)\n    at UtilityScript.<anonymous> (<anonymous>:1:44)","metadata":{"metadata":{}},"timestamp":"2025-05-28 10:53:59:5359"}
{"level":"error","message":"Socket.IO not initialized","metadata":{"metadata":{}},"timestamp":"2025-05-28 10:53:59:5359"}
{"level":"error","message":"Socket.IO not initialized","metadata":{"metadata":{}},"timestamp":"2025-05-28 10:54:01:541"}
{"level":"error","message":"Socket.IO not initialized","metadata":{"metadata":{}},"timestamp":"2025-05-28 10:54:01:541"}
{"level":"error","message":"Socket.IO not initialized","metadata":{"metadata":{}},"timestamp":"2025-05-28 10:54:02:542"}
{"level":"error","message":"Socket.IO not initialized","metadata":{"metadata":{}},"timestamp":"2025-05-28 10:54:02:542"}
{"level":"error","message":"Puppeteer scraper failed: Cannot read properties of undefined (reading 'substring'). Stack: TypeError: Cannot read properties of undefined (reading 'substring')\n    at puppeteerScraper (C:\\Users\\Salomon KS\\Documents\\DEV VS CODE\\le-moissoneurV2\\backend\\src\\scrapers\\puppeteerScraper.js:76:157)\n    at async C:\\Users\\Salomon KS\\Documents\\DEV VS CODE\\le-moissoneurV2\\backend\\src\\services\\scraperService.js:196:25\n    at async withRetry (C:\\Users\\Salomon KS\\Documents\\DEV VS CODE\\le-moissoneurV2\\backend\\src\\services\\scraperService.js:43:14)\n    at async Object.executeScraper (C:\\Users\\Salomon KS\\Documents\\DEV VS CODE\\le-moissoneurV2\\backend\\src\\services\\scraperService.js:150:5)\n    at async Worker.connection [as processFn] (C:\\Users\\Salomon KS\\Documents\\DEV VS CODE\\le-moissoneurV2\\backend\\worker.js:40:7)\n    at async C:\\Users\\Salomon KS\\Documents\\DEV VS CODE\\le-moissoneurV2\\backend\\node_modules\\bullmq\\dist\\cjs\\classes\\worker.js:526:32\n    at async Worker.retryIfFailed (C:\\Users\\Salomon KS\\Documents\\DEV VS CODE\\le-moissoneurV2\\backend\\node_modules\\bullmq\\dist\\cjs\\classes\\worker.js:751:24)","metadata":{"metadata":{}},"timestamp":"2025-05-28 10:54:02:542"}
{"level":"error","message":"Socket.IO not initialized","metadata":{"metadata":{}},"timestamp":"2025-05-28 10:54:02:542"}
{"level":"error","message":"Failed to insert scraping_jobs record: undefined","metadata":{"metadata":{}},"timestamp":"2025-05-28 14:20:52:2052"}
{"level":"error","message":"Error getting next proxy for scraper 15efdbb9-5253-492a-b561-5eeecaa50fb1: column scrapers.config does not exist","metadata":{"metadata":{"code":"42703","details":null,"hint":null}},"timestamp":"2025-05-28 14:20:52:2052"}
{"level":"error","message":"Error testing selector: page.$$: Unexpected token \"\" while parsing css selector \"\". Did you mean to CSS.escape it?","metadata":{"metadata":{}},"timestamp":"2025-05-28 14:37:04:374"}
{"level":"error","message":"Error testing selector: page.$$: Unexpected token \"\" while parsing css selector \"\". Did you mean to CSS.escape it?","metadata":{"metadata":{}},"timestamp":"2025-05-28 14:37:04:374"}
{"level":"error","message":"Error fetching scraper with ID shared: invalid input syntax for type uuid: \"shared\"","metadata":{"metadata":{}},"timestamp":"2025-05-28 15:51:15:5115"}
{"level":"error","message":"Error fetching scraper with ID configs: invalid input syntax for type uuid: \"configs\"","metadata":{"metadata":{}},"timestamp":"2025-05-28 15:51:28:5128"}
{"level":"error","message":"Error fetching scraper with ID shared: invalid input syntax for type uuid: \"shared\"","metadata":{"metadata":{}},"timestamp":"2025-05-28 15:51:51:5151"}
